[backblue.gif]
[fade.gif]
[index.html]
[nhaxinh.com/wp-content/themes/flatsome-child/assets/images/favicon.ico]
[nhaxinh.com/wp-content/themes/flatsome/assets/js/flatsomeaeec.js]
[nhaxinh.com/wp-content/themes/flatsome/assets/js/chunk.slider1bad.js]
[nhaxinh.com/wp-content/themes/flatsome/assets/js/chunk.popups1bad.js]
[nhaxinh.com/wp-content/themes/flatsome/assets/js/chunk.tooltips1bad.js]
[nhaxinh.com/wp-content/themes/flatsome/assets/js/woocommerce9c5c.js]
[nhaxinh.com/feed/index.html]
[nhaxinh.com/comments/feed/index.html]
[nhaxinh.com/wp-content/themes/flatsome/assets/css/icons/fl-iconsbfd1.eot]
[nhaxinh.com/wp-content/themes/flatsome/assets/css/icons/fl-icons.eot]
[nhaxinh.com/wp-content/themes/flatsome/assets/css/icons/fl-iconsbfd1.woff2]
[nhaxinh.com/wp-content/themes/flatsome/assets/css/icons/fl-iconsbfd1.ttf]
[nhaxinh.com/wp-content/themes/flatsome/assets/css/icons/fl-iconsbfd1.woff]
[nhaxinh.com/wp-includes/js/jquery/jquery.minf43b.js]
[nhaxinh.com/wp-content/plugins/download-manager/assets/bootstrap/js/popper.minbcd6.js]
[nhaxinh.com/wp-content/plugins/download-manager/assets/bootstrap/js/bootstrap.minbcd6.js]
[nhaxinh.com/wp-content/cache/min/1/wp-content/plugins/download-manager/assets/js/front2902.js]
[nhaxinh.com/wp-content/cache/min/1/wp-content/plugins/woo-related-products-refresh-on-reload/public/js/woo-related-products-public2e25.js]
[nhaxinh.com/wp-content/plugins/woocommerce/assets/js/jquery-blockui/jquery.blockUI.minc854.js]
[nhaxinh.com/wp-content/plugins/woocommerce/assets/js/frontend/add-to-cart.minc484.js]
[nhaxinh.com/wp-content/plugins/woocommerce/assets/js/js-cookie/js.cookie.min8730.js]
[nhaxinh.com/wp-content/cache/min/1/wp-content/plugins/multiple-shipping-address-woocommerce/js/front2e25.js]
[nhaxinh.com/wp-json/index.html]
[nhaxinh.com/wp-json/wp/v2/pages/97.json]
[nhaxinh.com/xmlrpc0db0.php]
[nhaxinh.com/wp-json/oembed/1.0/embede935.json]
[nhaxinh.com/wp-json/oembed/1.0/embed7fa2]
[nhaxinh.com/wp-content/themes/flatsome-child/assets/webfonts/fa-light-300.woff2]
[nhaxinh.com/wp-content/themes/flatsome-child/assets/webfonts/fa-solid-900.woff2]
[nhaxinh.com/wp-content/themes/flatsome/assets/css/icons/fl-iconsae55.woff2]
[nhaxinh.com/wp-content/uploads/2022/04/banner-trang-chu-san-pham-dep-oki.jpg]
[nhaxinh.com/wp-content/fonts/montserrat/JTUHjIg1_i6t8kCHKm4532VJOt5-QNFgpCu173w0aXpsog.woff2]
[nhaxinh.com/wp-content/fonts/montserrat/JTUHjIg1_i6t8kCHKm4532VJOt5-QNFgpCu173w9aXpsog.woff2]
[nhaxinh.com/wp-content/fonts/montserrat/JTUHjIg1_i6t8kCHKm4532VJOt5-QNFgpCu173w2aXpsog.woff2]
[nhaxinh.com/index.html]
[nhaxinh.com/wp-content/fonts/montserrat/JTUHjIg1_i6t8kCHKm4532VJOt5-QNFgpCu173w3aXpsog.woff2]
[nhaxinh.com/wp-content/fonts/montserrat/JTUHjIg1_i6t8kCHKm4532VJOt5-QNFgpCu173w5aXo.woff2]
[nhaxinh.com/wp-content/fonts/roboto/KFOmCnqEu92Fr1Mu72xKOzY.woff2]
[nhaxinh.com/wp-content/fonts/roboto/KFOmCnqEu92Fr1Mu5mxKOzY.woff2]
[nhaxinh.com/xmlrpc.php]
[nhaxinh.com/wp-content/fonts/roboto/KFOmCnqEu92Fr1Mu7mxKOzY.woff2]
[nhaxinh.com/wp-content/fonts/roboto/KFOmCnqEu92Fr1Mu4WxKOzY.woff2]
[nhaxinh.com/wp-content/fonts/roboto/KFOmCnqEu92Fr1Mu7WxKOzY.woff2]
[nhaxinh.com/wp-content/fonts/roboto/KFOmCnqEu92Fr1Mu7GxKOzY.woff2]
[nhaxinh.com/wp-content/cache/min/1/wp-content/themes/flatsome-child/assets/css/all2902.css]
[nhaxinh.com/wp-content/fonts/roboto/KFOmCnqEu92Fr1Mu4mxK.woff2]
[nhaxinh.com/wp-content/fonts/dancing-script/If2cXTr6YS-zF4S-kcSWSVi_sxjsohD9F50Ruu7BMSo3Rep8ltA.woff2]
[nhaxinh.com/wp-content/fonts/dancing-script/If2cXTr6YS-zF4S-kcSWSVi_sxjsohD9F50Ruu7BMSo3ROp8ltA.woff2]
[nhaxinh.com/wp-content/fonts/dancing-script/If2cXTr6YS-zF4S-kcSWSVi_sxjsohD9F50Ruu7BMSo3Sup8.woff2]
[nhaxinh.com/wp-content/cache/min/1/plugins/sdk2e25.js]
[nhaxinh.com/wp-content/plugins/sitepress-multilingual-cms/res/flags/vi.png]
[nhaxinh.com/wp-content/uploads/2021/09/ic-shopping.png]
[nhaxinh.com/wp-content/themes/flatsome-child/assets/images/menu-bar.png]
[nhaxinh.com/wp-content/uploads/2022/04/logo-nha-xinh-moi-200422.png]
[nhaxinh.com/wp-content/cache/min/1/wp-content/themes/flatsome-child/assets/css/fontawesome2902.css]
[nhaxinh.com/wp-content/cache/min/1/wp-content/themes/flatsome-child/assets/css/brands2902.css]
[nhaxinh.com/wp-content/cache/min/1/wp-content/themes/flatsome-child/assets/css/solid2902.css]
[nhaxinh.com/wp-content/themes/flatsome-child/assets/css/owl.carousel.min.css]
[nhaxinh.com/wp-content/cache/min/1/wp-content/themes/flatsome-child/assets/css/styles2902.css]
[nhaxinh.com/wp-content/uploads/2021/10/nha-xinh-phong-khach-hien-dai-poppy-1-1200x800.jpg]
[nhaxinh.com/wp-content/uploads/2024/08/nen-web.png]
[nhaxinh.com/wp-content/uploads/2024/08/Untitled-1-1.jpg]
[nhaxinh.com/wp-content/uploads/2024/08/orientale-bst-1200x800.jpg]
[nhaxinh.com/wp-content/uploads/2023/07/BST-COASTAL-SOFA-VANG-2.jpg]
[nhaxinh.com/wp-content/uploads/2023/04/nha-xinh-banner-ban-an-vuong-24423.jpg]
[nhaxinh.com/wp-content/uploads/2022/01/giuong-ngu-pio-1.jpg]
[nhaxinh.com/wp-content/uploads/2024/01/banner-armchair-nhaxinh-31-1-24.jpg]
[nhaxinh.com/wp-content/uploads/2021/11/nha-xinh-ghe-an-phong-an-749x800.jpg]
[nhaxinh.com/index9ed2.html]
[nhaxinh.com/wp-content/plugins/instagram-feed/css/sbi-styles.min311f.css]
[nhaxinh.com/wp-content/cache/min/1/wp-content/plugins/sitepress-multilingual-cms/dist/css/blocks/styles2902.css]
[nhaxinh.com/wp-content/uploads/2021/09/logo.png]
[nhaxinh.com/wp-content/cache/min/1/wp-content/plugins/contact-form-7/includes/css/styles2902.css]
[nhaxinh.com/wp-content/cache/min/1/wp-content/plugins/devvn-woo-address-selectbox/vietnam-checkout/assets/css/devvn_dwas_style2e25.css]
[nhaxinh.com/wp-content/uploads/2021/11/aa-corporation-logo-2311.png]
[nhaxinh.com/wp-content/uploads/2021/11/aka-logo-2311.png]
[nhaxinh.com/wp-content/uploads/2021/11/nha-xinh-logo-2311.png]
[nhaxinh.com/wp-content/uploads/2021/11/Boconcept-logo-2311.png]
[nhaxinh.com/wp-content/cache/min/1/wp-content/plugins/download-manager/assets/fontawesome/css/all2902.css]
[nhaxinh.com/wp-content/uploads/2021/11/bellavita-luxury-logo-2311.png]
[nhaxinh.com/wp-content/uploads/2021/11/calligaris-logo-2311.png]
[nhaxinh.com/wp-content/uploads/2021/11/baxter-logo-2311.png]
[nhaxinh.com/wp-content/uploads/2021/11/ligneroset-logo-2311.png]
[nhaxinh.com/wp-content/plugins/download-manager/assets/bootstrap/css/bootstrap.minbcd6.css]
[nhaxinh.com/wp-content/uploads/2021/11/lago-logo-2311.png]
[nhaxinh.com/wp-content/uploads/2021/11/adamos-logo-2311.png]
[nhaxinh.com/wp-content/uploads/2021/09/image-15.png]
[nhaxinh.com/wp-content/cache/min/1/wp-content/plugins/download-manager/assets/css/front2902.css]
[nhaxinh.com/wp-content/cache/min/1/wp-content/plugins/woo-related-products-refresh-on-reload/public/css/woo-related-products-public2902.css]
[nhaxinh.com/wp-content/cache/min/1/wp-content/plugins/woo-related-products-refresh-on-reload/public/owl-carousel/owl.carousel2902.css]
[nhaxinh.com/wp-content/plugins/sitepress-multilingual-cms/res/flags/en.png]
[nhaxinh.com/wp-content/plugins/sitepress-multilingual-cms/templates/language-switchers/legacy-list-horizontal/style.min68b3.css]
[nhaxinh.com/wp-includes/js/dist/vendor/wp-polyfill.min2c7c.js]
[nhaxinh.com/wp-content/cache/min/1/wp-content/plugins/contact-form-7/includes/js/index2e25.js]
[nhaxinh.com/wp-content/plugins/woocommerce/assets/js/select2/select2.full.min2742.js]
[nhaxinh.com/wp-content/cache/min/1/wp-content/plugins/multiple-shipping-address-woocommerce/css/style2902.css]
[nhaxinh.com/wp-content/cache/min/1/wp-content/plugins/devvn-woo-address-selectbox/vietnam-checkout/assets/js/devvn_tinhthanh2e25.js]
[nhaxinh.com/wp-includes/js/dist/hooks.min2757.js]
[nhaxinh.com/wp-includes/js/dist/i18n.minc33c.js]
[nhaxinh.com/wp-includes/js/jquery/jquery.form.minb2f9.js]
[nhaxinh.com/wp-content/cache/min/1/wp-content/plugins/yith-woocommerce-ajax-product-filter-premium/assets/css/ion.range-slider2902.css]
[nhaxinh.com/wp-content/plugins/woo-related-products-refresh-on-reload/public/owl-carousel/owl.carousel.minbcd6.js]
[nhaxinh.com/wp-content/plugins/woocommerce/assets/js/frontend/woocommerce.minc484.js]
[nhaxinh.com/wp-content/plugins/woocommerce/assets/js/sourcebuster/sourcebuster.minc484.js]
[nhaxinh.com/wp-content/plugins/woocommerce/assets/js/frontend/order-attribution.minc484.js]
[nhaxinh.com/wp-content/cache/min/1/wp-content/plugins/yith-woocommerce-ajax-product-filter-premium/assets/css/shortcodes2902.css]
[nhaxinh.com/wp-includes/js/hoverIntent.min3e5a.js]
[nhaxinh.com/wp-content/cache/min/1/wp-content/themes/flatsome/assets/js/flatsome2e25.js]
[nhaxinh.com/wp-content/cache/min/1/wp-content/themes/flatsome-child/assets/js/qh-get-recently-products2e25.js]
[nhaxinh.com/wp-content/cache/min/1/wp-content/themes/flatsome/inc/integrations/wc-yith-wishlist/wishlist2e25.js]
[nhaxinh.com/wp-content/cache/min/1/wp-content/themes/flatsome/inc/integrations/wc-yith-wishlist/wishlist2902.css]
[nhaxinh.com/wp-content/cache/min/1/wp-content/themes/flatsome-child/assets/js/yith-wishlist2e25.js]
[nhaxinh.com/wp-content/cache/min/1/wp-content/themes/flatsome/inc/integrations/wp-rocket/flatsome-wp-rocket2e25.js]
[nhaxinh.com/wp-content/cache/min/1/wp-content/themes/flatsome/inc/integrations/wc-yith-ajax-navigation/yith-ajax-navigation2e25.js]
[nhaxinh.com/wp-content/cache/min/1/wp-content/themes/flatsome/inc/extensions/flatsome-instant-page/flatsome-instant-page2e25.js]
[nhaxinh.com/wp-content/cache/min/1/wp-content/themes/flatsome/assets/css/flatsome2902.css]
[nhaxinh.com/wp-content/cache/min/1/wp-content/themes/flatsome/inc/extensions/flatsome-live-search/flatsome-live-search2e25.js]
[nhaxinh.com/wp-content/plugins/woocommerce-multilingual/res/js/cart_widget.min48f5.js]
[www.google.com/recaptcha/api08df.js]
[nhaxinh.com/wp-content/cache/min/1/wp-content/plugins/contact-form-7/modules/recaptcha/index2e25.js]
[nhaxinh.com/wp-content/themes/flatsome/assets/css/icons/fl-iconsbfd1.svg]
[nhaxinh.com/wp-content/cache/min/1/wp-content/themes/flatsome/inc/extensions/flatsome-lazy-load/flatsome-lazy-load2e25.js]
[nhaxinh.com/wp-content/cache/min/1/wp-content/themes/flatsome/assets/js/woocommerce2e25.js]
[nhaxinh.com/wp-content/plugins/woocommerce/assets/js/frontend/cart-fragments.minc484.js]
[nhaxinh.com/wp-content/themes/flatsome/assets/libs/packery.pkgd.min1bad.js]
[nhaxinh.com/wp-content/cache/min/1/wp-content/themes/flatsome/assets/css/flatsome-shop2902.css]
[nhaxinh.com/wp-content/plugins/yith-woocommerce-wishlist/assets/js/jquery.selectBox.min7359.js]
[nhaxinh.com/wp-content/plugins/woocommerce/assets/js/prettyPhoto/jquery.prettyPhoto.min005e.js]
[nhaxinh.com/wp-content/plugins/yith-woocommerce-wishlist/assets/js/jquery.yith-wcwl.min9b70.js]
[nhaxinh.com/wp-content/cache/min/1/wp-content/plugins/google-listings-and-ads/js/build/gtag-events2e25.js]
[nhaxinh.com/wp-content/cache/min/1/wp-content/themes/flatsome-child/style2902.css]
[www.googletagmanager.com/gtm5445.html]
[nhaxinh.com/wp-content/plugins/wp-rocket/assets/js/lazyload/17.5/lazyload.min.js]
[nhaxinh.com/wp-content/themes/flatsome-child/assets/webfonts/fa-brands-400.eot]
[nhaxinh.com/wp-content/themes/flatsome-child/assets/webfonts/fa-brands-400d41d.eot]
[nhaxinh.com/wp-content/themes/flatsome-child/assets/webfonts/fa-brands-400.woff2]
[nhaxinh.com/wp-content/themes/flatsome-child/assets/webfonts/fa-brands-400.woff]
[nhaxinh.com/wp-content/themes/flatsome-child/assets/webfonts/fa-brands-400.ttf]
[nhaxinh.com/wp-content/themes/flatsome-child/assets/webfonts/fa-light-300.eot]
[nhaxinh.com/wp-content/themes/flatsome-child/assets/webfonts/fa-light-300d41d.eot]
[nhaxinh.com/wp-content/themes/flatsome-child/assets/webfonts/fa-light-300.woff]
[nhaxinh.com/wp-content/themes/flatsome-child/assets/webfonts/fa-light-300.ttf]
[nhaxinh.com/wp-content/themes/flatsome-child/assets/webfonts/fa-regular-400.eot]
[nhaxinh.com/wp-content/themes/flatsome-child/assets/webfonts/fa-regular-400d41d.eot]
[nhaxinh.com/wp-content/themes/flatsome-child/assets/webfonts/fa-regular-400.woff2]
[nhaxinh.com/wp-content/themes/flatsome-child/assets/webfonts/fa-regular-400.woff]
[nhaxinh.com/wp-content/themes/flatsome-child/assets/webfonts/fa-regular-400.ttf]
[nhaxinh.com/wp-content/themes/flatsome-child/assets/webfonts/fa-solid-900.eot]
[nhaxinh.com/wp-content/themes/flatsome-child/assets/webfonts/fa-solid-900d41d.eot]
[nhaxinh.com/wp-content/themes/flatsome-child/assets/webfonts/fa-solid-900.woff]
[nhaxinh.com/wp-content/themes/flatsome-child/assets/webfonts/fa-solid-900.ttf]
[nhaxinh.com/feed/index9ed2.html]
[nhaxinh.com/comments/feed/index9ed2.html]
[nhaxinh.com/wp-json/wp/v2/pages/294.json]
[nhaxinh.com/wp-json/oembed/1.0/embed4e58.json]
[nhaxinh.com/wp-json/oembed/1.0/embedeb58]
[nhaxinh.com/wp-content/uploads/2022/09/bo-suu-tap-cabo-moi-1293x800.jpg]
[connect.facebook.net/en_US/fbevents2f15.js]
[nhaxinh.com/wp-content/uploads/2024/04/sofa_ONA_vuong_Banner.jpg]
[nhaxinh.com/wp-content/uploads/2022/03/Armchair-TUDOR-VELVET-PETROL-398217-3.jpg]
[nhaxinh.com/wp-content/uploads/2023/02/cua-hang-360-do-nha-xinh.jpg]
[nhaxinh.com/gioi-thieu/index.html]
[nhaxinh.com/wp-content/plugins/instagram-feed/img/sbi-sprite.png]
[nhaxinh.com/wp-content/plugins/download-manager/assets/fontawesome/webfonts/fa-brands-400.eot]
[nhaxinh.com/khuyen-mai/index.html]
[nhaxinh.com/wp-content/plugins/download-manager/assets/fontawesome/webfonts/fa-brands-400d41d.eot]
[nhaxinh.com/wp-content/plugins/download-manager/assets/fontawesome/webfonts/fa-brands-400.woff2]
[nhaxinh.com/wp-content/plugins/download-manager/assets/fontawesome/webfonts/fa-brands-400.woff]
[nhaxinh.com/wp-content/plugins/download-manager/assets/fontawesome/webfonts/fa-brands-400.ttf]
[nhaxinh.com/wp-content/plugins/download-manager/assets/fontawesome/webfonts/fa-regular-400.eot]
[nhaxinh.com/wp-content/plugins/download-manager/assets/fontawesome/webfonts/fa-regular-400d41d.eot]
[nhaxinh.com/wp-content/plugins/download-manager/assets/fontawesome/webfonts/fa-regular-400.woff2]
[nhaxinh.com/wp-content/plugins/download-manager/assets/fontawesome/webfonts/fa-regular-400.woff]
[nhaxinh.com/wp-content/plugins/download-manager/assets/fontawesome/webfonts/fa-regular-400.ttf]
[nhaxinh.com/wp-content/plugins/download-manager/assets/fontawesome/webfonts/fa-solid-900.eot]
[nhaxinh.com/wp-content/plugins/download-manager/assets/fontawesome/webfonts/fa-solid-900d41d.eot]
[nhaxinh.com/wp-content/plugins/download-manager/assets/fontawesome/webfonts/fa-solid-900.woff2]
[nhaxinh.com/wp-content/plugins/download-manager/assets/fontawesome/webfonts/fa-solid-900.woff]
[nhaxinh.com/wp-content/plugins/download-manager/assets/fontawesome/webfonts/fa-solid-900.ttf]
[nhaxinh.com/wp-content/plugins/woo-related-products-refresh-on-reload/public/owl-carousel/grabbing.png]
[nhaxinh.com/wp-content/themes/flatsome/assets/img/shadow@2x.png]
[nhaxinh.com/wp-content/themes/flatsome/assets/img/underline.png]
[nhaxinh.com/wp-json/wp/v2/pages/575.json]
[nhaxinh.com/wp-json/oembed/1.0/embed14b5.json]
[nhaxinh.com/wp-json/oembed/1.0/embed8592]
[nhaxinh.com/wp-content/uploads/2021/11/nha-xinh-lich-su-hinh-thanh-21.jpg]
[nhaxinh.com/wp-json/wp/v2/pages/513.json]
[nhaxinh.com/wp-content/uploads/2021/10/Rectangle.jpg]
[nhaxinh.com/wp-json/oembed/1.0/embeda791.json]
[nhaxinh.com/wp-json/oembed/1.0/embedf599]
[nhaxinh.com/wp-content/uploads/2022/02/0210-2-800x800.jpg]
[nhaxinh.com/danh-muc/giam-gia-dac-biet/index.html]
[nhaxinh.com/wp-content/uploads/2022/01/ghe-an-pio-2-533x800.jpg]
[nhaxinh.com/wp-content/uploads/2023/05/mau-phong-ngu-16-5-23.jpg]
[nhaxinh.com/wp-content/uploads/2022/01/armchair-maxine-neww-800x800.jpg]
[nhaxinh.com/danh-muc/giam-gia-dac-biet/feed/index.html]
[nhaxinh.com/wp-json/wp/v2/product_cat/484.json]
[nhaxinh.com/he-thong-cua-hang/index.html]
[nhaxinh.com/gio-hang/index.html]
[nhaxinh.com/cua-hang/index.html]
[nhaxinh.com/wp-content/uploads/2021/10/nha-xinh-phong-khach-may-net-viet-duong-dai-3.jpg]
[nhaxinh.com/wp-content/uploads/2021/10/SHOWROOM_007.jpg]
[nhaxinh.com/wp-content/uploads/2021/10/Rectangle4.jpg]
[nhaxinh.com/wp-content/plugins/yith-woocommerce-ajax-product-filter-premium/assets/js/ion.range-slider.min254d.js]
[nhaxinh.com/wp-content/plugins/woocommerce/assets/js/accounting/accounting.minaffb.js]
[nhaxinh.com/wp-content/plugins/woocommerce/assets/js/selectWoo/selectWoo.full.min62f6.js]
[nhaxinh.com/wp-content/plugins/yith-woocommerce-ajax-product-filter-premium/assets/js/yith-wcan-shortcodes.min5fc8.js]
[nhaxinh.com/wp-json/wp/v2/pages/698.json]
[nhaxinh.com/wp-json/oembed/1.0/embed3e0f.json]
[nhaxinh.com/wp-json/oembed/1.0/embed761f]
[nhaxinh.com/wp-content/uploads/2022/10/cua-hang-nha-xinh-191121-1400x690-2.jpg]
[nhaxinh.com/tai-khoan/index.html]
[nhaxinh.com/wp-content/plugins/download-manager/assets/js/front4ab7.js]
[nhaxinh.com/wp-content/plugins/woo-related-products-refresh-on-reload/public/js/woo-related-products-public8a54.js]
[nhaxinh.com/wp-content/plugins/woocommerce/assets/js/frontend/country-select.minc484.js]
[nhaxinh.com/wp-content/plugins/woocommerce/assets/js/frontend/address-i18n.minc484.js]
[nhaxinh.com/wp-content/plugins/woocommerce/assets/js/frontend/cart.minc484.js]
[nhaxinh.com/wp-content/plugins/multiple-shipping-address-woocommerce/js/front8a54.js]
[nhaxinh.com/wp-json/wp/v2/pages/62.json]
[nhaxinh.com/wp-json/oembed/1.0/embedb646.json]
[nhaxinh.com/wp-json/oembed/1.0/embed6d9b]
[sp.zalo.me/plugins/sdk.js]
[nhaxinh.com/wp-content/plugins/contact-form-7/includes/js/index4245.js]
[nhaxinh.com/wp-content/plugins/devvn-woo-address-selectbox/vietnam-checkout/assets/js/devvn_tinhthanh001e.js]
[nhaxinh.com/wp-content/themes/flatsome-child/assets/js/qh-get-recently-products8a54.js]
[nhaxinh.com/wp-content/themes/flatsome/inc/integrations/wc-yith-wishlist/wishlist007f.js]
[nhaxinh.com/wp-content/themes/flatsome-child/assets/js/yith-wishlistf269.js]
[nhaxinh.com/wp-content/themes/flatsome/inc/integrations/wp-rocket/flatsome-wp-rocket1bad.js]
[nhaxinh.com/wp-content/themes/flatsome/inc/integrations/wc-yith-ajax-navigation/yith-ajax-navigation1bad.js]
[nhaxinh.com/wp-content/themes/flatsome/inc/extensions/flatsome-instant-page/flatsome-instant-page1576.js]
[nhaxinh.com/wp-content/themes/flatsome/inc/extensions/flatsome-live-search/flatsome-live-search1bad.js]
[nhaxinh.com/wp-content/plugins/contact-form-7/modules/recaptcha/index4245.js]
[nhaxinh.com/wp-content/themes/flatsome/inc/extensions/flatsome-lazy-load/flatsome-lazy-load1bad.js]
[nhaxinh.com/wp-content/plugins/google-listings-and-ads/js/build/gtag-eventsa900.js]
[nhaxinh.com/cua-hang/feed/index.html]
[nhaxinh.com/danh-muc/phong-khach/sofa/feed/index.html]
[nhaxinh.com/wp-json/wp/v2/product_cat/125.json]
[nhaxinh.com/san-pham/sofa-danny-3-cho-hien-dai-da-emotion-horse/index.html]
[nhaxinh.com/danh-muc/phong-khach/sofa/index6eae.html]
[nhaxinh.com/danh-muc/phong-khach/sofa/index3a6f.html]
[nhaxinh.com/san-pham/sofa-danny/index.html]
[nhaxinh.com/san-pham/sofa-mies-3-cho-hien-dai-vai-blue-s5e/index.html]
[nhaxinh.com/danh-muc/phong-khach/sofa/index.html]
[nhaxinh.com/san-pham/sofa-le-marais-3-cho-hien-dai-vai-nau-s2q/index.html]
[nhaxinh.com/danh-muc/phong-khach/sofa/index6810.html]
[nhaxinh.com/danh-muc/phong-khach/sofa/index3789.html]
[nhaxinh.com/san-pham/sofa-square-next-3-cho-da-l1u-hezelnut/index.html]
[nhaxinh.com/danh-muc/phong-khach/sofa/indexc43f.html]
[nhaxinh.com/san-pham/sofa-square-next-3-cho-da-lichene-l4b/index.html]
[nhaxinh.com/danh-muc/phong-khach/sofa/index21c2.html]
