[nhaxinh.com/index.html]
[nhaxinh.com/wp-content/themes/flatsome-child/assets/images/favicon.ico]
[nhaxinh.com/wp-content/cache/min/1/wp-content/themes/flatsome-child/assets/css/all2902.css]
[nhaxinh.com/wp-content/cache/min/1/wp-content/themes/flatsome-child/assets/css/fontawesome2902.css]
[nhaxinh.com/wp-content/cache/min/1/wp-content/themes/flatsome-child/assets/css/brands2902.css]
[nhaxinh.com/wp-content/cache/min/1/wp-content/themes/flatsome-child/assets/css/solid2902.css]
[nhaxinh.com/wp-content/themes/flatsome-child/assets/css/owl.carousel.min.css]
[backblue.gif]
[fade.gif]
[index.html]
[nhaxinh.com/wp-content/cache/min/1/wp-content/themes/flatsome-child/assets/css/styles2902.css]
[nhaxinh.com/wp-content/themes/flatsome/assets/js/flatsomeaeec.js]
[nhaxinh.com/wp-content/themes/flatsome/assets/js/chunk.slider1bad.js]
[nhaxinh.com/wp-content/themes/flatsome/assets/js/chunk.popups1bad.js]
[nhaxinh.com/wp-content/themes/flatsome/assets/js/chunk.tooltips1bad.js]
[nhaxinh.com/wp-content/themes/flatsome/assets/js/woocommerce9c5c.js]
[nhaxinh.com/wp-content/plugins/instagram-feed/css/sbi-styles.min311f.css]
[nhaxinh.com/wp-content/cache/min/1/wp-content/plugins/sitepress-multilingual-cms/dist/css/blocks/styles2902.css]
[nhaxinh.com/index9ed2.html]
[nhaxinh.com/wp-content/cache/min/1/wp-content/plugins/contact-form-7/includes/css/styles2902.css]
[nhaxinh.com/wp-content/cache/min/1/wp-content/plugins/devvn-woo-address-selectbox/vietnam-checkout/assets/css/devvn_dwas_style2e25.css]
[nhaxinh.com/wp-content/cache/min/1/wp-content/plugins/download-manager/assets/fontawesome/css/all2902.css]
[nhaxinh.com/wp-content/plugins/download-manager/assets/bootstrap/css/bootstrap.minbcd6.css]
[nhaxinh.com/wp-content/cache/min/1/wp-content/plugins/download-manager/assets/css/front2902.css]
[nhaxinh.com/wp-content/cache/min/1/wp-content/plugins/woo-related-products-refresh-on-reload/public/css/woo-related-products-public2902.css]
[nhaxinh.com/comments/feed/index.html]
[nhaxinh.com/wp-content/cache/min/1/wp-content/plugins/woo-related-products-refresh-on-reload/public/owl-carousel/owl.carousel2902.css]
[nhaxinh.com/wp-content/plugins/sitepress-multilingual-cms/templates/language-switchers/legacy-list-horizontal/style.min68b3.css]
[nhaxinh.com/wp-content/cache/min/1/wp-content/plugins/multiple-shipping-address-woocommerce/css/style2902.css]
[nhaxinh.com/wp-content/cache/min/1/wp-content/plugins/yith-woocommerce-ajax-product-filter-premium/assets/css/ion.range-slider2902.css]
[nhaxinh.com/wp-content/cache/min/1/wp-content/plugins/yith-woocommerce-ajax-product-filter-premium/assets/css/shortcodes2902.css]
[nhaxinh.com/wp-content/cache/min/1/wp-content/themes/flatsome/inc/integrations/wc-yith-wishlist/wishlist2902.css]
[nhaxinh.com/wp-content/cache/min/1/wp-content/themes/flatsome/assets/css/flatsome2902.css]
[nhaxinh.com/feed/index.html]
[nhaxinh.com/wp-content/themes/flatsome/assets/css/icons/fl-iconsbfd1.eot]
[nhaxinh.com/wp-content/themes/flatsome/assets/css/icons/fl-icons.eot]
[nhaxinh.com/wp-content/themes/flatsome/assets/css/icons/fl-iconsbfd1.woff2]
[nhaxinh.com/wp-content/themes/flatsome/assets/css/icons/fl-iconsbfd1.ttf]
[nhaxinh.com/wp-content/themes/flatsome/assets/css/icons/fl-iconsbfd1.woff]
[nhaxinh.com/wp-content/themes/flatsome/assets/css/icons/fl-iconsbfd1.svg]
[nhaxinh.com/wp-content/cache/min/1/wp-content/themes/flatsome/assets/css/flatsome-shop2902.css]
[nhaxinh.com/wp-content/cache/min/1/wp-content/themes/flatsome-child/style2902.css]
[nhaxinh.com/wp-includes/js/jquery/jquery.minf43b.js]
[nhaxinh.com/wp-content/plugins/download-manager/assets/bootstrap/js/popper.minbcd6.js]
[nhaxinh.com/wp-content/plugins/download-manager/assets/bootstrap/js/bootstrap.minbcd6.js]
[nhaxinh.com/wp-content/cache/min/1/wp-content/plugins/download-manager/assets/js/front2902.js]
[nhaxinh.com/wp-content/cache/min/1/wp-content/plugins/woo-related-products-refresh-on-reload/public/js/woo-related-products-public2e25.js]
[nhaxinh.com/wp-content/plugins/woocommerce/assets/js/jquery-blockui/jquery.blockUI.minc854.js]
[nhaxinh.com/wp-content/plugins/woocommerce/assets/js/frontend/add-to-cart.minc484.js]
[nhaxinh.com/wp-content/plugins/woocommerce/assets/js/js-cookie/js.cookie.min8730.js]
[nhaxinh.com/wp-content/cache/min/1/wp-content/plugins/multiple-shipping-address-woocommerce/js/front2e25.js]
[nhaxinh.com/wp-json/wp/v2/pages/97.json]
[nhaxinh.com/wp-json/index.html]
[nhaxinh.com/xmlrpc0db0.php]
[nhaxinh.com/wp-json/oembed/1.0/embede935.json]
[nhaxinh.com/wp-json/oembed/1.0/embed7fa2]
[nhaxinh.com/wp-content/themes/flatsome-child/assets/webfonts/fa-light-300.woff2]
[nhaxinh.com/wp-content/themes/flatsome-child/assets/webfonts/fa-solid-900.woff2]
[nhaxinh.com/wp-content/themes/flatsome/assets/css/icons/fl-iconsae55.woff2]
[connect.facebook.net/en_US/fbevents2f15.js]
[nhaxinh.com/wp-content/uploads/2022/04/banner-trang-chu-san-pham-dep-oki.jpg]
[nhaxinh.com/wp-content/fonts/montserrat/JTUHjIg1_i6t8kCHKm4532VJOt5-QNFgpCu173w0aXpsog.woff2]
[nhaxinh.com/wp-content/fonts/montserrat/JTUHjIg1_i6t8kCHKm4532VJOt5-QNFgpCu173w9aXpsog.woff2]
[nhaxinh.com/wp-content/fonts/montserrat/JTUHjIg1_i6t8kCHKm4532VJOt5-QNFgpCu173w2aXpsog.woff2]
[nhaxinh.com/wp-content/fonts/montserrat/JTUHjIg1_i6t8kCHKm4532VJOt5-QNFgpCu173w3aXpsog.woff2]
[nhaxinh.com/wp-content/fonts/montserrat/JTUHjIg1_i6t8kCHKm4532VJOt5-QNFgpCu173w5aXo.woff2]
[nhaxinh.com/wp-content/fonts/roboto/KFOmCnqEu92Fr1Mu72xKOzY.woff2]
[nhaxinh.com/wp-content/fonts/roboto/KFOmCnqEu92Fr1Mu5mxKOzY.woff2]
[nhaxinh.com/wp-content/fonts/roboto/KFOmCnqEu92Fr1Mu7mxKOzY.woff2]
[nhaxinh.com/wp-content/fonts/roboto/KFOmCnqEu92Fr1Mu4WxKOzY.woff2]
[nhaxinh.com/wp-content/fonts/roboto/KFOmCnqEu92Fr1Mu7WxKOzY.woff2]
[nhaxinh.com/wp-content/fonts/roboto/KFOmCnqEu92Fr1Mu7GxKOzY.woff2]
[nhaxinh.com/wp-content/fonts/roboto/KFOmCnqEu92Fr1Mu4mxK.woff2]
[nhaxinh.com/wp-content/fonts/dancing-script/If2cXTr6YS-zF4S-kcSWSVi_sxjsohD9F50Ruu7BMSo3Rep8ltA.woff2]
[nhaxinh.com/wp-content/fonts/dancing-script/If2cXTr6YS-zF4S-kcSWSVi_sxjsohD9F50Ruu7BMSo3ROp8ltA.woff2]
[nhaxinh.com/wp-content/fonts/dancing-script/If2cXTr6YS-zF4S-kcSWSVi_sxjsohD9F50Ruu7BMSo3Sup8.woff2]
[nhaxinh.com/wp-content/cache/min/1/plugins/sdk2e25.js]
[nhaxinh.com/wp-content/plugins/sitepress-multilingual-cms/res/flags/vi.png]
[nhaxinh.com/wp-content/uploads/2021/09/ic-shopping.png]
[nhaxinh.com/wp-content/themes/flatsome-child/assets/images/menu-bar.png]
[nhaxinh.com/wp-content/uploads/2022/04/logo-nha-xinh-moi-200422.png]
[nhaxinh.com/gioi-thieu/index.html]
[nhaxinh.com/wp-content/uploads/2021/10/nha-xinh-phong-khach-hien-dai-poppy-1-1200x800.jpg]
[nhaxinh.com/wp-content/uploads/2024/08/nen-web.png]
[nhaxinh.com/wp-content/uploads/2024/08/Untitled-1-1.jpg]
[nhaxinh.com/wp-content/uploads/2024/08/orientale-bst-1200x800.jpg]
[nhaxinh.com/khuyen-mai/index.html]
[nhaxinh.com/wp-content/uploads/2023/07/BST-COASTAL-SOFA-VANG-2.jpg]
[nhaxinh.com/wp-content/uploads/2023/04/nha-xinh-banner-ban-an-vuong-24423.jpg]
[nhaxinh.com/danh-muc/giam-gia-dac-biet/index.html]
[nhaxinh.com/wp-content/uploads/2022/01/giuong-ngu-pio-1.jpg]
[nhaxinh.com/wp-content/uploads/2024/01/banner-armchair-nhaxinh-31-1-24.jpg]
[nhaxinh.com/he-thong-cua-hang/index.html]
[nhaxinh.com/wp-content/uploads/2021/11/nha-xinh-ghe-an-phong-an-749x800.jpg]
[nhaxinh.com/cua-hang.html]
[nhaxinh.com/gio-hang/index.html]
[nhaxinh.com/cua-hang/index.html]
[nhaxinh.com/danh-muc/phong-khach/sofa/index.html]
[nhaxinh.com/danh-muc/phong-khach/sofa-goc/index.html]
[nhaxinh.com/danh-muc/phong-khach/ghe-thu-gian/index.html]
[nhaxinh.com/wp-content/uploads/2021/09/logo.png]
[nhaxinh.com/danh-muc/phong-khach/armchair/index.html]
[nhaxinh.com/danh-muc/phong-khach/ghe-dai-don/index.html]
[nhaxinh.com/danh-muc/phong-khach/ban-ben/index.html]
[nhaxinh.com/danh-muc/phong-khach/ban-console/index.html]
[nhaxinh.com/danh-muc/phong-khach/ban-nuoc/index.html]
[nhaxinh.com/danh-muc/phong-khach/tu-tivi/index.html]
[nhaxinh.com/danh-muc/phong-khach/ke-phong-khach/index.html]
[nhaxinh.com/danh-muc/phong-khach/tu-giay/index.html]
[nhaxinh.com/danh-muc/phong-an/ghe-an/index.html]
[nhaxinh.com/danh-muc/phong-an/ban-an/index.html]
[nhaxinh.com/danh-muc/phong-an/ghe-bar/index.html]
[nhaxinh.com/danh-muc/phong-an/tu-ly/index.html]
[nhaxinh.com/danh-muc/phong-an/xe-day/index.html]
[nhaxinh.com/danh-muc/bep/tu-bep/index.html]
[nhaxinh.com/danh-muc/bep/phu-kien-bep/index.html]
[nhaxinh.com/danh-muc/phong-ngu/giuong/index.html]
[nhaxinh.com/danh-muc/phong-ngu/ban-trang-diem/index.html]
[nhaxinh.com/danh-muc/phong-ngu/ban-dau-giuong/index.html]
[nhaxinh.com/danh-muc/phong-ngu/tu-ao/index.html]
[nhaxinh.com/danh-muc/phong-ngu/tu-am-tuong/index.html]
[nhaxinh.com/danh-muc/phong-ngu/tu-hoc-keo/index.html]
[nhaxinh.com/danh-muc/phong-ngu/nem/index.html]
[nhaxinh.com/danh-muc/phong-lam-viec/ban-lam-viec/index.html]
[nhaxinh.com/danh-muc/phong-lam-viec/ghe-phong-lam-viec/index.html]
[nhaxinh.com/danh-muc/phong-lam-viec/ke-sach/index.html]
[nhaxinh.com/danh-muc/ngoai-that/ban-ngoai-troi/index.html]
[nhaxinh.com/danh-muc/ngoai-that/ghe-ngoai-troi/index.html]
[nhaxinh.com/danh-muc/hang-trang-tri/den/index.html]
[nhaxinh.com/danh-muc/hang-trang-tri/tham/index.html]
[nhaxinh.com/hang-trang-tri-michael-aram/index.html]
[nhaxinh.com/danh-muc/hang-trang-tri/do-trang-tri-noel/index.html]
[nhaxinh.com/danh-muc/hang-trang-tri/binh-trang-tri/index.html]
[nhaxinh.com/danh-muc/hang-trang-tri/tranh/index.html]
[nhaxinh.com/wp-content/uploads/2021/11/aa-corporation-logo-2311.png]
[nhaxinh.com/danh-muc/hang-trang-tri/khung-guong/index.html]
[nhaxinh.com/danh-muc/hang-trang-tri/hoa-cay/index.html]
[nhaxinh.com/danh-muc/hang-trang-tri/dong-ho-hang-trang-tri/index.html]
[nhaxinh.com/wp-content/uploads/2021/11/aka-logo-2311.png]
[nhaxinh.com/danh-muc/hang-trang-tri/goi-va-thu-bong/index.html]
[nhaxinh.com/danh-muc/hang-trang-tri/khung-hinh/index.html]
[nhaxinh.com/danh-muc/hang-trang-tri/tuong-trang-tri/index.html]
[nhaxinh.com/danh-muc/hang-trang-tri/nen/index.html]
[nhaxinh.com/danh-muc/hang-trang-tri/dung-cu-bep/index.html]
[nhaxinh.com/wp-content/uploads/2021/11/nha-xinh-logo-2311.png]
[nhaxinh.com/danh-muc/hang-trang-tri/tinh-dau/index.html]
[nhaxinh.com/phong-khach/index.html]
[nhaxinh.com/phong-an/index.html]
[nhaxinh.com/danh-muc/hang-trang-tri/hang-trang-tri-khac/index.html]
[nhaxinh.com/phong-ngu/index.html]
[nhaxinh.com/danh-muc/phong-lam-viec/index.html]
[nhaxinh.com/danh-muc/ngoai-that/index.html]
[nhaxinh.com/danh-muc/hang-trang-tri/index.html]
[nhaxinh.com/bo-suu-tap/index.html]
[nhaxinh.com/thiet-ke-noi-that/index.html]
[nhaxinh.com/showroom-ao/index.html]
[nhaxinh.com/cam-hung-nha-xinh-y-tuong/index.html]
[nhaxinh.com/bo-suu-tap-orientale-cau-chuyen-cua-su-khoi-dau/index.html]
[nhaxinh.com/wp-content/uploads/2021/11/Boconcept-logo-2311.png]
[nhaxinh.com/san-pham/ban-nuoc-orientale-walnut/index.html]
[nhaxinh.com/san-pham/sofa-3-cho-orientale-da-beige-r5/index.html]
[nhaxinh.com/wp-content/uploads/2021/11/bellavita-luxury-logo-2311.png]
[nhaxinh.com/wp-content/uploads/2021/11/calligaris-logo-2311.png]
[nhaxinh.com/wp-content/uploads/2021/11/baxter-logo-2311.png]
[nhaxinh.com/wp-content/uploads/2021/11/ligneroset-logo-2311.png]
[nhaxinh.com/index4b20.html]
[nhaxinh.com/san-pham/sofa-2-cho-may-moi/index.html]
[nhaxinh.com/wp-content/uploads/2021/11/lago-logo-2311.png]
[nhaxinh.com/index9043.html]
[nhaxinh.com/wp-content/uploads/2021/11/adamos-logo-2311.png]
[nhaxinh.com/indexdb43.html]
[nhaxinh.com/wp-content/uploads/2021/09/image-15.png]
[nhaxinh.com/san-pham/armchair-may-moi/index.html]
[nhaxinh.com/wp-content/plugins/sitepress-multilingual-cms/res/flags/en.png]
[nhaxinh.com/index9a3e.html]
[nhaxinh.com/noi-that-may-mang-hoi-tho-thien-nhien-vao-khong-gian-hien-dai/index.html]
[nhaxinh.com/noi-that-cho-phong-khach-nho-gon-co-gi/index.html]
[nhaxinh.com/khong-gian-phong-khach-ly-tuong-cho-nguoi-2/index.html]
[nhaxinh.com/giuong-ngu-cho-phong-ngu-hien-dai-voi-tam-gia-duoi-15-trieu-2/index.html]
[nhaxinh.com/giuong-ngu-cho-phong-ngu-hien-dai-voi-tam-gia-duoi-15-trieu/index.html]
[nhaxinh.com/tan-trang-phong-khach-hien-dai-chi-voi-40-trieu-2/index.html]
[nhaxinh.com/aka-hop-tac-cung-lg-mang-den-khong-gian-song-hoan-hao/index.html]
[nhaxinh.com/cung-lg-va-aka-nang-tam-khong-gian-song-sang-dang-cap/index.html]
[nhaxinh.com/tap-doan-aa-corporation-gay-an-tuong-tai-index-dubai-2024/index.html]
[nhaxinh.com/ban-lam-viec-wing-tai-milan-design-week-2024/index.html]
[nhaxinh.com/wp-content/cache/min/1/wp-content/plugins/woocommerce/assets/client/blocks/wc-blocks2902.css]
[nhaxinh.com/giai-thuong-thiet-ke-bep/index.html]
[nhaxinh.com/aa-corporation-tai-hawa-expo-2024-va-qfair-2024/index.html]
[nhaxinh.com/wp-includes/js/dist/vendor/wp-polyfill.min2c7c.js]
[nhaxinh.com/nha-bao-vu-kim-hanh-ket-noi-lieu-co-phai-la-hanh-phuc/index.html]
[nhaxinh.com/wp-content/cache/min/1/wp-content/plugins/contact-form-7/includes/js/index2e25.js]
[nhaxinh.com/chien-luoc-phu-dong-cua-cong-ty-dung-sau-thuong-hieu-nha-xinh/index.html]
[nhaxinh.com/wp-content/plugins/woocommerce/assets/js/select2/select2.full.min2742.js]
[nhaxinh.com/tin-tuc/index.html]
[nhaxinh.com/wp-content/cache/min/1/wp-content/plugins/devvn-woo-address-selectbox/vietnam-checkout/assets/js/devvn_tinhthanh2e25.js]
[nhaxinh.com/tong-cong-ty/index.html]
[nhaxinh.com/wp-includes/js/dist/hooks.min2757.js]
[nhaxinh.com/tuyen-dung/index.html]
[nhaxinh.com/the-hoi-vien-2/index.html]
[nhaxinh.com/wp-includes/js/dist/i18n.minc33c.js]
[nhaxinh.com/doi-tra-hang/index.html]
[nhaxinh.com/tai-khoan/wishlist/indexc5e7.html]
[nhaxinh.com/danh-muc/outlet/tu-trung-bay/index.html]
[nhaxinh.com/wp-includes/js/jquery/jquery.form.minb2f9.js]
[nhaxinh.com/danh-muc/phong-an/tu-ruou/index.html]
[nhaxinh.com/danh-muc/bep/dao-bep/index.html]
[nhaxinh.com/danh-muc/bep/quay-bar/index.html]
[nhaxinh.com/wp-content/plugins/woo-related-products-refresh-on-reload/public/owl-carousel/owl.carousel.minbcd6.js]
[nhaxinh.com/danh-muc/hang-trang-tri/nem-hang-trang-tri/index.html]
[nhaxinh.com/wp-content/plugins/woocommerce/assets/js/frontend/woocommerce.minc484.js]
[nhaxinh.com/danh-muc/phong-ngu/men/index.html]
[nhaxinh.com/danh-muc/hang-trang-tri/san-pham-khac/index.html]
[nhaxinh.com/wp-content/plugins/woocommerce/assets/js/sourcebuster/sourcebuster.minc484.js]
[nhaxinh.com/danh-muc/phong-an/index.html]
[nhaxinh.com/danh-muc/bep/index.html]
[nhaxinh.com/danh-muc/phong-khach/tu-thap/index.html]
[nhaxinh.com/tai-khoan/reset-password/index.html]
[nhaxinh.com/wp-content/plugins/woocommerce/assets/js/frontend/order-attribution.minc484.js]
[nhaxinh.com/wp-includes/js/hoverIntent.min3e5a.js]
[nhaxinh.com/wp-content/cache/min/1/wp-content/themes/flatsome/assets/js/flatsome2e25.js]
[nhaxinh.com/wp-content/cache/min/1/wp-content/themes/flatsome-child/assets/js/qh-get-recently-products2e25.js]
[nhaxinh.com/wp-content/cache/min/1/wp-content/themes/flatsome/inc/integrations/wc-yith-wishlist/wishlist2e25.js]
[nhaxinh.com/wp-content/cache/min/1/wp-content/themes/flatsome-child/assets/js/yith-wishlist2e25.js]
[nhaxinh.com/wp-content/cache/min/1/wp-content/themes/flatsome/inc/integrations/wp-rocket/flatsome-wp-rocket2e25.js]
[nhaxinh.com/wp-content/cache/min/1/wp-content/themes/flatsome/inc/integrations/wc-yith-ajax-navigation/yith-ajax-navigation2e25.js]
[nhaxinh.com/wp-content/cache/min/1/wp-content/themes/flatsome/inc/extensions/flatsome-instant-page/flatsome-instant-page2e25.js]
[nhaxinh.com/wp-content/cache/min/1/wp-content/themes/flatsome/inc/extensions/flatsome-live-search/flatsome-live-search2e25.js]
[nhaxinh.com/wp-content/plugins/woocommerce-multilingual/res/js/cart_widget.min48f5.js]
[www.google.com/recaptcha/api08df.js]
[nhaxinh.com/wp-content/cache/min/1/wp-content/plugins/contact-form-7/modules/recaptcha/index2e25.js]
[nhaxinh.com/wp-content/cache/min/1/wp-content/themes/flatsome/inc/extensions/flatsome-lazy-load/flatsome-lazy-load2e25.js]
[nhaxinh.com/wp-content/cache/min/1/wp-content/themes/flatsome/assets/js/woocommerce2e25.js]
[nhaxinh.com/wp-content/plugins/woocommerce/assets/js/frontend/cart-fragments.minc484.js]
[nhaxinh.com/wp-content/themes/flatsome/assets/libs/packery.pkgd.min1bad.js]
[nhaxinh.com/wp-content/plugins/yith-woocommerce-wishlist/assets/js/jquery.selectBox.min7359.js]
[nhaxinh.com/wp-content/plugins/woocommerce/assets/js/prettyPhoto/jquery.prettyPhoto.min005e.js]
[nhaxinh.com/wp-content/plugins/yith-woocommerce-wishlist/assets/js/jquery.yith-wcwl.min9b70.js]
[nhaxinh.com/wp-content/cache/min/1/wp-content/plugins/google-listings-and-ads/js/build/gtag-events2e25.js]
[nhaxinh.com/index.html]
[nhaxinh.com/xmlrpc.php]
[nhaxinh.com/wp-content/plugins/wp-rocket/assets/js/lazyload/17.5/lazyload.min.js]
[nhaxinh.com/Opera Mini/index.html]
[nhaxinh.com/wp-content/themes/flatsome-child/assets/webfonts/fa-brands-400.eot]
[nhaxinh.com/OPR/index.html]
[nhaxinh.com/OPT/index.html]
[nhaxinh.com/wp-content/themes/flatsome-child/assets/webfonts/fa-brands-400d41d.eot]
[nhaxinh.com/CriOS/index.html]
[nhaxinh.com/wp-content/themes/flatsome-child/assets/webfonts/fa-brands-400.woff2]
[nhaxinh.com/Edge/index.html]
[nhaxinh.com/wp-content/themes/flatsome-child/assets/webfonts/fa-brands-400.woff]
[nhaxinh.com/Chrome/index.html]
[nhaxinh.com/wp-content/themes/flatsome-child/assets/webfonts/fa-brands-400.ttf]
[nhaxinh.com/Firefox/index.html]
[nhaxinh.com/Silk/index.html]
[nhaxinh.com/Version/index.html]
[nhaxinh.com/IEMobile/index.html]
[nhaxinh.com/wp-content/themes/flatsome-child/assets/webfonts/fa-light-300.eot]
[nhaxinh.com/wp-content/themes/flatsome-child/assets/webfonts/fa-brands-400.svg]
[nhaxinh.com/wp-content/themes/flatsome-child/assets/webfonts/fa-light-300d41d.eot]
[nhaxinh.com/wp-content/themes/flatsome-child/assets/webfonts/fa-light-300.woff]
[nhaxinh.com/wp-content/themes/flatsome-child/assets/webfonts/fa-light-300.ttf]
[nhaxinh.com/wp-content/themes/flatsome-child/assets/webfonts/fa-light-300.svg]
[nhaxinh.com/wp-content/themes/flatsome-child/assets/webfonts/fa-regular-400.eot]
[nhaxinh.com/wp-content/themes/flatsome-child/assets/webfonts/fa-regular-400d41d.eot]
[nhaxinh.com/wp-content/themes/flatsome-child/assets/webfonts/fa-regular-400.woff2]
[nhaxinh.com/wp-content/themes/flatsome-child/assets/webfonts/fa-regular-400.woff]
[nhaxinh.com/wp-content/themes/flatsome-child/assets/webfonts/fa-regular-400.ttf]
[nhaxinh.com/WebKit/index.html]
[nhaxinh.com/wp-content/themes/flatsome-child/assets/webfonts/fa-solid-900.eot]
[nhaxinh.com/wp-content/themes/flatsome-child/assets/webfonts/fa-regular-400.svg]
[nhaxinh.com/wp-content/themes/flatsome-child/assets/webfonts/fa-solid-900d41d.eot]
[nhaxinh.com/wp-content/themes/flatsome-child/assets/webfonts/fa-solid-900.woff]
[nhaxinh.com/wp-content/themes/flatsome-child/assets/webfonts/fa-solid-900.ttf]
[nhaxinh.com/wp-content/cache/min/1/wp-content/themes/flatsome-child/assets/css/all2902.css]
[nhaxinh.com/wp-content/cache/min/1/wp-content/themes/flatsome-child/assets/css/fontawesome2902.css]
[nhaxinh.com/wp-content/cache/min/1/wp-content/themes/flatsome-child/assets/css/brands2902.css]
[nhaxinh.com/wp-content/cache/min/1/wp-content/themes/flatsome-child/assets/css/solid2902.css]
[nhaxinh.com/wp-content/themes/flatsome-child/assets/webfonts/fa-solid-900.svg]
[nhaxinh.com/wp-content/themes/flatsome-child/assets/css/owl.carousel.min.css]
[nhaxinh.com/wp-content/cache/min/1/wp-content/themes/flatsome-child/assets/css/styles2902.css]
[nhaxinh.com/comments/feed/index9ed2.html]
[nhaxinh.com/wp-json/wp/v2/pages/294.json]
[nhaxinh.com/feed/index9ed2.html]
[nhaxinh.com/wp-json/oembed/1.0/embed4e58.json]
[nhaxinh.com/wp-json/oembed/1.0/embedeb58]
[nhaxinh.com/wp-content/uploads/2022/09/bo-suu-tap-cabo-moi-1293x800.jpg]
[nhaxinh.com/wp-content/uploads/2024/04/sofa_ONA_vuong_Banner.jpg]
[nhaxinh.com/wp-content/uploads/2022/03/Armchair-TUDOR-VELVET-PETROL-398217-3.jpg]
[nhaxinh.com/wp-content/uploads/2023/02/cua-hang-360-do-nha-xinh.jpg]
[nhaxinh.com/about-us/index9ed2.html]
[nhaxinh.com/promotion/index9ed2.html]
[nhaxinh.com/cart/index9ed2.html]
[nhaxinh.com/shop/index9ed2.html]
[nhaxinh.com/index9ed2.html]
[nhaxinh.com/product-category/living/corner-sofas/index9ed2.html]
[nhaxinh.com/product-category/living/sofas/index9ed2.html]
[nhaxinh.com/product-category/living/relaxing-chairs/index9ed2.html]
[nhaxinh.com/product-category/living/benches-poufs/index9ed2.html]
[nhaxinh.com/wp-content/plugins/instagram-feed/img/sbi-sprite.png]
[nhaxinh.com/wp-content/plugins/instagram-feed/css/sbi-styles.min311f.css]
[nhaxinh.com/product-category/living/end-tables/index9ed2.html]
[nhaxinh.com/product-category/living/console-tables/index9ed2.html]
[nhaxinh.com/product-category/living/coffee-tables/index9ed2.html]
[nhaxinh.com/wp-content/cache/min/1/wp-content/plugins/sitepress-multilingual-cms/dist/css/blocks/styles2902.css]
[nhaxinh.com/product-category/living/tv-cabinets-en-2/index9ed2.html]
[nhaxinh.com/product-category/living/shoes-cabinets/index9ed2.html]
[nhaxinh.com/product-category/living/display-shelves/index9ed2.html]
[nhaxinh.com/wp-content/cache/min/1/wp-content/plugins/contact-form-7/includes/css/styles2902.css]
[nhaxinh.com/product-category/dining/dining-tables/index9ed2.html]
[nhaxinh.com/product-category/dining/bar-stools/index9ed2.html]
[nhaxinh.com/wp-content/cache/min/1/wp-content/plugins/devvn-woo-address-selectbox/vietnam-checkout/assets/css/devvn_dwas_style2e25.css]
[nhaxinh.com/product-category/dining/dining-chairs/index9ed2.html]
[nhaxinh.com/product-category/dining/kitchen-carts/index9ed2.html]
[nhaxinh.com/product-category/dining/sideboards/index9ed2.html]
[nhaxinh.com/danh-muc/kitchen/tu-bep/index.html]
[nhaxinh.com/blocks/products/index9ed2.html]
[nhaxinh.com/wp-content/plugins/download-manager/assets/fontawesome/webfonts/fa-brands-400.eot]
[nhaxinh.com/wp-content/plugins/download-manager/assets/fontawesome/webfonts/fa-brands-400d41d.eot]
[nhaxinh.com/wp-content/plugins/download-manager/assets/fontawesome/webfonts/fa-brands-400.woff2]
[nhaxinh.com/danh-muc/kitchen/phu-kien-bep/index.html]
[nhaxinh.com/wp-content/plugins/download-manager/assets/fontawesome/webfonts/fa-brands-400.woff]
[nhaxinh.com/product-category/sleeping/beds-en/index9ed2.html]
[nhaxinh.com/product-category/sleeping/nightstands-bedside-tables/index9ed2.html]
[nhaxinh.com/wp-content/plugins/download-manager/assets/fontawesome/webfonts/fa-brands-400.ttf]
[nhaxinh.com/danh-muc/sleeping/ban-trang-diem/index.html]
[nhaxinh.com/danh-muc/sleeping/tu-ao/index.html]
[nhaxinh.com/danh-muc/sleeping/tu-am-tuong/index.html]
[nhaxinh.com/product-category/sleeping/dressers-chests/index9ed2.html]
[nhaxinh.com/wp-content/plugins/download-manager/assets/fontawesome/webfonts/fa-brands-400.svg]
[nhaxinh.com/product-category/sleeping/mattresses-en/index9ed2.html]
[nhaxinh.com/wp-content/plugins/download-manager/assets/fontawesome/webfonts/fa-regular-400.eot]
[nhaxinh.com/product-category/working/desks/index9ed2.html]
[nhaxinh.com/wp-content/plugins/download-manager/assets/fontawesome/webfonts/fa-regular-400d41d.eot]
[nhaxinh.com/product-category/outdoor/outdoor-tables/index9ed2.html]
[nhaxinh.com/product-category/working/office-chairs/index9ed2.html]
[nhaxinh.com/wp-content/plugins/download-manager/assets/fontawesome/webfonts/fa-regular-400.woff2]
[nhaxinh.com/product-category/outdoor/outdoor-chairs-en/index9ed2.html]
[nhaxinh.com/wp-content/plugins/download-manager/assets/fontawesome/webfonts/fa-regular-400.woff]
[nhaxinh.com/product-category/accessories/lighting/index9ed2.html]
[nhaxinh.com/wp-content/plugins/download-manager/assets/fontawesome/webfonts/fa-regular-400.ttf]
[nhaxinh.com/wp-content/plugins/download-manager/assets/fontawesome/webfonts/fa-regular-400.svg]
[nhaxinh.com/product-category/accessories/rugs/index9ed2.html]
[nhaxinh.com/wp-content/plugins/download-manager/assets/fontawesome/webfonts/fa-solid-900.eot]
[nhaxinh.com/product-category/accessories/paintings/index9ed2.html]
[nhaxinh.com/product-category/accessories/vase/index9ed2.html]
[nhaxinh.com/wp-content/plugins/download-manager/assets/fontawesome/webfonts/fa-solid-900d41d.eot]
[nhaxinh.com/product-category/accessories/mirror-frames/index9ed2.html]
[nhaxinh.com/wp-content/plugins/download-manager/assets/fontawesome/webfonts/fa-solid-900.woff2]
[nhaxinh.com/product-category/accessories/stems-branches/index9ed2.html]
[nhaxinh.com/wp-content/plugins/download-manager/assets/fontawesome/webfonts/fa-solid-900.woff]
[nhaxinh.com/product-category/accessories/locks/index9ed2.html]
[nhaxinh.com/wp-content/plugins/download-manager/assets/fontawesome/webfonts/fa-solid-900.ttf]
[nhaxinh.com/product-category/accessories/picture-frame/index9ed2.html]
[nhaxinh.com/product-category/accessories/decorative-sculptures-figurines/index9ed2.html]
[nhaxinh.com/product-category/accessories/pillows-throws/index9ed2.html]
[nhaxinh.com/wp-content/cache/min/1/wp-content/plugins/download-manager/assets/fontawesome/css/all2902.css]
[nhaxinh.com/wp-content/plugins/download-manager/assets/fontawesome/webfonts/fa-solid-900.svg]
[nhaxinh.com/product-category/accessories/other-decor-organization/index9ed2.html]
[nhaxinh.com/product-category/accessories/scented-candles-candle-holders/index9ed2.html]
[nhaxinh.com/wp-content/plugins/download-manager/assets/bootstrap/css/bootstrap.minbcd6.css]
[nhaxinh.com/interior-design-service/index9ed2.html]
[nhaxinh.com/bst-coastal-cam-hung-mien-duyen-hai/index.html]
[nhaxinh.com/ona-dam-minh-trong-ban-hoa-thanh-tinh-te/index.html]
[nhaxinh.com/product-category/living/armchairs-en/index9ed2.html]
[nhaxinh.com/wp-content/plugins/download-manager/assets/images/plus.svg]
[nhaxinh.com/wp-content/plugins/download-manager/assets/images/sort.svg]
[nhaxinh.com/wp-content/cache/min/1/wp-content/plugins/download-manager/assets/css/front2902.css]
[nhaxinh.com/wp-content/plugins/download-manager/assets/images/loader.svg]
[nhaxinh.com/phong-ngu/index9ed2.html]
[nhaxinh.com/wp-content/cache/min/1/wp-content/plugins/woo-related-products-refresh-on-reload/public/css/woo-related-products-public2902.css]
[nhaxinh.com/phong-an/index9ed2.html]
[nhaxinh.com/product-category/accessories/index9ed2.html]
[nhaxinh.com/product/coastal-dining-chair-kd1085-18/index9ed2.html]
[nhaxinh.com/product/coastal-2-seater/index9ed2.html]
[nhaxinh.com/wp-content/plugins/woo-related-products-refresh-on-reload/public/owl-carousel/grabbing.png]
[nhaxinh.com/wp-content/cache/min/1/wp-content/plugins/woo-related-products-refresh-on-reload/public/owl-carousel/owl.carousel2902.css]
[nhaxinh.com/product/coastal-1-seater-sofa-blue-fabric-kd1085-18-m2/index9ed2.html]
[nhaxinh.com/product/black-wing-desk/index9ed2.html]
[nhaxinh.com/wp-content/plugins/sitepress-multilingual-cms/templates/language-switchers/legacy-list-horizontal/style.min68b3.css]
[nhaxinh.com/product/coastal-yellow-bed-1m8/index9ed2.html]
[nhaxinh.com/wp-content/cache/min/1/wp-content/plugins/multiple-shipping-address-woocommerce/css/style2902.css]
[nhaxinh.com/product/coastal-desk/index9ed2.html]
[nhaxinh.com/product/white-wing-desk/index9ed2.html]
[nhaxinh.com/wp-content/cache/min/1/wp-content/plugins/yith-woocommerce-ajax-product-filter-premium/assets/css/ion.range-slider2902.css]
[nhaxinh.com/product/ona-her-3-seater-sofa-green-leather-s4/index9ed2.html]
[nhaxinh.com/wp-content/plugins/yith-woocommerce-ajax-product-filter-premium/assets/images/arrow-down.svg]
[nhaxinh.com/wp-content/plugins/yith-woocommerce-ajax-product-filter-premium/assets/images/arrow-up.svg]
[nhaxinh.com/wp-content/plugins/yith-woocommerce-ajax-product-filter-premium/assets/images/search.svg]
[nhaxinh.com/wp-content/plugins/yith-woocommerce-ajax-product-filter-premium/assets/images/check.svg]
[nhaxinh.com/wp-content/cache/min/1/wp-content/plugins/yith-woocommerce-ajax-product-filter-premium/assets/css/shortcodes2902.css]
[nhaxinh.com/wp-content/plugins/yith-woocommerce-ajax-product-filter-premium/assets/images/filters.svg]
[nhaxinh.com/product/ona-him-1-seater-sofa-brown-leather/index9ed2.html]
[nhaxinh.com/wp-content/cache/min/1/wp-content/themes/flatsome/inc/integrations/wc-yith-wishlist/wishlist2902.css]
[nhaxinh.com/product/ona-him-1-seater-sofa-green-leather/index9ed2.html]
[nhaxinh.com/company-information/index9ed2.html]
[nhaxinh.com/wp-content/themes/flatsome/assets/img/shadow@2x.png]
[nhaxinh.com/wp-content/cache/min/1/wp-content/themes/flatsome/assets/css/flatsome2902.css]
[nhaxinh.com/wp-content/themes/flatsome/assets/img/underline.png]
[nhaxinh.com/wp-content/themes/flatsome/assets/css/icons/fl-iconsbfd1.svg]
[nhaxinh.com/online-shopping/index9ed2.html]
[nhaxinh.com/wp-content/cache/min/1/wp-content/themes/flatsome/assets/css/flatsome-shop2902.css]
[nhaxinh.com/warranty-policy/index9ed2.html]
[nhaxinh.com/delivery/index9ed2.html]
[nhaxinh.com/wp-content/cache/min/1/wp-content/themes/flatsome-child/style2902.css]
[nhaxinh.com/gift-card/index9ed2.html]
[nhaxinh.com/tai-khoan/wishlist/index8884.html]
[www.googletagmanager.com/gtm5445.html]
[nhaxinh.com/product-category/outdoor/index9ed2.html]
[nhaxinh.com/product-category/accessories/seasonal-decoration/index9ed2.html]
[nhaxinh.com/product-category/accessories/kitchen-tools-accessories/index9ed2.html]
[nhaxinh.com/product-category/dining/bar-cabinets/index9ed2.html]
[nhaxinh.com/product-category/working/bookcases-and-shelves/index9ed2.html]
[nhaxinh.com/product-category/kitchen/index9ed2.html]
[nhaxinh.com/my-account/reset-password/index9ed2.html]
[nhaxinh.com/dieu-khoan-rieng-tu/index.html]
[nhaxinh.com/san-pham/khung-hinh-10x15-a1301m/index.html]
[nhaxinh.com/POST]
[nhaxinh.com/b.resolvedLink]
[nhaxinh.com/schema.org/index.html]
[connect.facebook.net/en_US/fbevents2f15.js]
[nhaxinh.com/wp-json/wp/v2/pages/575.json]
[nhaxinh.com/wp-json/oembed/1.0/embed14b5.json]
[nhaxinh.com/wp-json/oembed/1.0/embed8592]
[nhaxinh.com/wp-content/uploads/2021/11/nha-xinh-lich-su-hinh-thanh-21.jpg]
[nhaxinh.com/gioi-thieu/index.html]
[nhaxinh.com/gioi-thieu/OPR/index.html]
[nhaxinh.com/gioi-thieu/Opera Mini/index.html]
[nhaxinh.com/gioi-thieu/OPT/index.html]
[nhaxinh.com/gioi-thieu/CriOS/index.html]
[nhaxinh.com/gioi-thieu/Edge/index.html]
[nhaxinh.com/wp-json/wp/v2/pages/513.json]
[nhaxinh.com/gioi-thieu/Chrome/index.html]
[nhaxinh.com/gioi-thieu/Firefox/index.html]
[nhaxinh.com/gioi-thieu/Silk/index.html]
[nhaxinh.com/gioi-thieu/Version/index.html]
[nhaxinh.com/wp-json/oembed/1.0/embeda791.json]
[nhaxinh.com/gioi-thieu/IEMobile/index.html]
[nhaxinh.com/gioi-thieu/WebKit/index.html]
[nhaxinh.com/khuyen-mai/index9ed2.html]
[nhaxinh.com/wp-json/oembed/1.0/embedf599]
[nhaxinh.com/wp-content/uploads/2022/02/0210-2-800x800.jpg]
[nhaxinh.com/wp-content/uploads/2022/01/ghe-an-pio-2-533x800.jpg]
[nhaxinh.com/wp-content/uploads/2023/05/mau-phong-ngu-16-5-23.jpg]
[nhaxinh.com/wp-content/uploads/2022/01/armchair-maxine-neww-800x800.jpg]
[nhaxinh.com/khuyen-mai/index.html]
[nhaxinh.com/khuyen-mai/OPR/index.html]
[nhaxinh.com/khuyen-mai/Opera Mini/index.html]
[nhaxinh.com/khuyen-mai/OPT/index.html]
[nhaxinh.com/khuyen-mai/CriOS/index.html]
[nhaxinh.com/khuyen-mai/Edge/index.html]
[nhaxinh.com/khuyen-mai/Chrome/index.html]
[nhaxinh.com/khuyen-mai/Firefox/index.html]
[nhaxinh.com/wp-json/wp/v2/product_cat/484.json]
[nhaxinh.com/khuyen-mai/Silk/index.html]
[nhaxinh.com/khuyen-mai/Version/index.html]
[nhaxinh.com/khuyen-mai/IEMobile/index.html]
[nhaxinh.com/wp-content/uploads/2021/10/Rectangle.jpeg]
[nhaxinh.com/khuyen-mai/WebKit/index.html]
[nhaxinh.com/wp-content/uploads/2021/10/nha-xinh-phong-khach-may-net-viet-duong-dai-3.jpg]
[nhaxinh.com/danh-muc/giam-gia-dac-biet/feed/index.html]
[nhaxinh.com/product-category/special-discounts/index9ed2.html]
[nhaxinh.com/san-pham/armchair-tet-vai-vact10504/index.html]
[nhaxinh.com/san-pham/armchair-tet-vai-vact10499/index.html]
[nhaxinh.com/wp-content/uploads/2021/10/SHOWROOM_007.jpg]
[nhaxinh.com/san-pham/armchair-xoay-iris-vai-vact8808/index.html]
[nhaxinh.com/wp-content/uploads/2021/10/Rectangle4.jpg]
[nhaxinh.com/danh-muc/giam-gia-dac-biet/indexe67e.html]
[nhaxinh.com/danh-muc/giam-gia-dac-biet/index50ee.html]
[nhaxinh.com/san-pham/armchair-xoay-iris-vai-vact9761/index.html]
[nhaxinh.com/san-pham/ghe-bar-xoay-cognac/index.html]
[nhaxinh.com/san-pham/sofa-2-cho-tet-vai-vact10499/index.html]
[nhaxinh.com/danh-muc/giam-gia-dac-biet/index5e0a.html]
[nhaxinh.com/danh-muc/giam-gia-dac-biet/index09f0.html]
[nhaxinh.com/danh-muc/giam-gia-dac-biet/indexa44b.html]
[nhaxinh.com/san-pham/sofa-2-cho-tet-vai-vact10504/index.html]
[nhaxinh.com/danh-muc/giam-gia-dac-biet/indexb6bf.html]
[nhaxinh.com/san-pham/ghe-maxine-mau-taupe/index.html]
[nhaxinh.com/san-pham/ghe-khong-tay-maxine/index.html]
[nhaxinh.com/danh-muc/giam-gia-dac-biet/index716e.html]
[nhaxinh.com/san-pham/ghe-wooden-anthraciteocre-xanh-kd1097-23/index.html]
[nhaxinh.com/danh-muc/giam-gia-dac-biet/index6ff1.html]
[nhaxinh.com/san-pham/bench-soul/index.html]
[nhaxinh.com/san-pham/ban-lam-viec-layers/index.html]
[nhaxinh.com/danh-muc/giam-gia-dac-biet/index520e.html]
[nhaxinh.com/wp-content/plugins/yith-woocommerce-ajax-product-filter-premium/assets/js/ion.range-slider.min254d.js]
[nhaxinh.com/danh-muc/giam-gia-dac-biet/index5ce4.html]
[nhaxinh.com/san-pham/bench-shadow/index.html]
[nhaxinh.com/san-pham/ghe-don-trang-tri-son-mau-can-trung/index.html]
[nhaxinh.com/danh-muc/giam-gia-dac-biet/indexbee3.html]
[nhaxinh.com/san-pham/ban-an-mo-rong-poppy-pma830012/index.html]
[nhaxinh.com/danh-muc/giam-gia-dac-biet/index4eb8.html]
[nhaxinh.com/san-pham/console-bui/index.html]
[nhaxinh.com/danh-muc/giam-gia-dac-biet/indexbbed.html]
[nhaxinh.com/san-pham/tu-ly-seattle/index.html]
[nhaxinh.com/wp-content/plugins/woocommerce/assets/js/accounting/accounting.minaffb.js]
[nhaxinh.com/danh-muc/giam-gia-dac-biet/indexeedc.html]
[nhaxinh.com/san-pham/tu-ly-serect-optic-white/index.html]
[nhaxinh.com/wp-content/plugins/woocommerce/assets/js/selectWoo/selectWoo.full.min62f6.js]
[nhaxinh.com/danh-muc/giam-gia-dac-biet/index81cd.html]
[nhaxinh.com/wp-content/plugins/yith-woocommerce-ajax-product-filter-premium/assets/js/yith-wcan-shortcodes.min5fc8.js]
[nhaxinh.com/danh-muc/giam-gia-dac-biet/index.html]
[nhaxinh.com/san-pham/tu-ly-poppy-pma632011/index.html]
[nhaxinh.com/san-pham/ghe-khong-tay-chamcha-da-taupe/index.html]
[nhaxinh.com/danh-muc/giam-gia-dac-biet/index97a7.html]
[nhaxinh.com/san-pham/ban-nuoc-mo-rong-dakota/index.html]
[nhaxinh.com/danh-muc/giam-gia-dac-biet/index3076.html]
[nhaxinh.com/wp-json/wp/v2/pages/698.json]
[nhaxinh.com/san-pham/ghe-khong-tay-chamcha-da-tan/index.html]
[nhaxinh.com/danh-muc/giam-gia-dac-biet/indexc2fb.html]
[nhaxinh.com/danh-muc/giam-gia-dac-biet/indexf955.html]
[nhaxinh.com/san-pham/ghe-khong-tay-chamcha/index.html]
[nhaxinh.com/wp-json/oembed/1.0/embed3e0f.json]
[nhaxinh.com/danh-muc/giam-gia-dac-biet/index2d9a.html]
[nhaxinh.com/san-pham/ghe-khong-tay-m2-chamcha-acc003-p-da/index.html]
[nhaxinh.com/san-pham/ghe-an-poppy-pma410008-f2/index.html]
[nhaxinh.com/danh-muc/giam-gia-dac-biet/index0519.html]
[nhaxinh.com/wp-json/oembed/1.0/embed761f]
[nhaxinh.com/san-pham/ghe-an-roma/index.html]
[nhaxinh.com/wp-content/uploads/2022/10/cua-hang-nha-xinh-191121-1400x690-2.jpg]
[nhaxinh.com/danh-muc/giam-gia-dac-biet/index9712.html]
[nhaxinh.com/danh-muc/giam-gia-dac-biet/indexef01.html]
[nhaxinh.com/san-pham/ghe-oak-pu-cn/index.html]
[nhaxinh.com/danh-muc/giam-gia-dac-biet/index0d91.html]
[nhaxinh.com/san-pham/ghe-shadow-vai-93103/index.html]
[nhaxinh.com/san-pham/ghe-skin-cs1391-white/index.html]
[nhaxinh.com/danh-muc/giam-gia-dac-biet/indexa6a4.html]
[nhaxinh.com/san-pham/ghe-lazboy-rialto-2ccs-t39505-claret/index.html]
[nhaxinh.com/he-thong-cua-hang/index.html]
[nhaxinh.com/danh-muc/giam-gia-dac-biet/index6076.html]
[nhaxinh.com/san-pham/armchair-lazy-trang/index.html]
[nhaxinh.com/san-pham/den-balad-lamp-h25-cactus-361282/index.html]
[nhaxinh.com/danh-muc/giam-gia-dac-biet/indexe380.html]
[nhaxinh.com/wp-content/themes/flatsome-child/assets/css/all.css]
[nhaxinh.com/san-pham/goi-lorette-68x44-green-271310/index.html]
[nhaxinh.com/danh-muc/giam-gia-dac-biet/index128a.html]
[nhaxinh.com/wp-content/themes/flatsome-child/assets/css/fontawesome.css]
[nhaxinh.com/san-pham/armchair-sally-mau-xanh/index.html]
[nhaxinh.com/san-pham/sofa-goc-phai-taylor-hien-dai-da-xam/index.html]
[nhaxinh.com/wp-content/themes/flatsome-child/assets/css/brands.css]
[nhaxinh.com/danh-muc/giam-gia-dac-biet/indexfc6d.html]
[nhaxinh.com/san-pham/ban-an-mo-rong-park-2/index.html]
[nhaxinh.com/danh-muc/giam-gia-dac-biet/index0da5.html]
[nhaxinh.com/san-pham/ban-an-mo-rong-sincro-p27-ceramic/index.html]
[nhaxinh.com/wp-content/themes/flatsome-child/assets/css/solid.css]
[nhaxinh.com/danh-muc/giam-gia-dac-biet/index84d3.html]
[nhaxinh.com/san-pham/armchair-canyon/index.html]
[nhaxinh.com/danh-muc/giam-gia-dac-biet/index897b.html]
[nhaxinh.com/wp-content/themes/flatsome-child/assets/css/styles.css]
[nhaxinh.com/san-pham/armchair-long-met/index.html]
[nhaxinh.com/wp-content/plugins/sitepress-multilingual-cms/dist/css/blocks/stylesc9a9.css]
[nhaxinh.com/wp-content/plugins/contact-form-7/includes/css/styles4245.css]
[nhaxinh.com/wp-content/plugins/devvn-woo-address-selectbox/vietnam-checkout/assets/css/devvn_dwas_style001e.css]
[nhaxinh.com/wp-content/plugins/download-manager/assets/fontawesome/css/allbcd6.css]
[nhaxinh.com/wp-content/plugins/download-manager/assets/css/frontbcd6.css]
[nhaxinh.com/danh-muc/giam-gia-dac-biet/indexe32d.html]
[nhaxinh.com/san-pham/sofa-goc-phai-monaco-don-vai-2041-13-141-23/index.html]
[nhaxinh.com/wp-content/plugins/woo-related-products-refresh-on-reload/public/css/woo-related-products-public8a54.css]
[nhaxinh.com/danh-muc/giam-gia-dac-biet/index94b5.html]
[nhaxinh.com/san-pham/sofa-goc-trai-monaco-don-vai-2041-13-141-23/index.html]
[nhaxinh.com/wp-content/plugins/woo-related-products-refresh-on-reload/public/owl-carousel/owl.carouselbcd6.css]
[nhaxinh.com/danh-muc/giam-gia-dac-biet/index856c.html]
[nhaxinh.com/san-pham/sofa-goc-phai-monaco-don-vai-559-03141-23/index.html]
[nhaxinh.com/wp-content/plugins/woocommerce/assets/css/select2c484.css]
[nhaxinh.com/danh-muc/giam-gia-dac-biet/indexa2a5.html]
[nhaxinh.com/san-pham/sofa-goc-trai-monaco-don-vai-559-03-141-23/index.html]
[nhaxinh.com/wp-content/plugins/multiple-shipping-address-woocommerce/css/style8a54.css]
[nhaxinh.com/san-pham/ban-console-bars/index.html]
[nhaxinh.com/danh-muc/giam-gia-dac-biet/index1c66.html]
[nhaxinh.com/wp-content/plugins/yith-woocommerce-ajax-product-filter-premium/assets/css/ion.range-slider254d.css]
[nhaxinh.com/san-pham/ban-ben-shadow/index.html]
[nhaxinh.com/danh-muc/giam-gia-dac-biet/index9a89.html]
[nhaxinh.com/wp-content/plugins/yith-woocommerce-ajax-product-filter-premium/assets/css/shortcodes5fc8.css]
[nhaxinh.com/san-pham/ban-nuoc-chamcha-mat-kinh/index.html]
[nhaxinh.com/danh-muc/giam-gia-dac-biet/indexb6bf-2.html]
[nhaxinh.com/wp-content/themes/flatsome/inc/integrations/wc-yith-wishlist/wishlist007f.css]
[nhaxinh.com/danh-muc/giam-gia-dac-biet/indexbb64.html]
[nhaxinh.com/san-pham/ban-lam-viec-soul/index.html]
[nhaxinh.com/wp-content/themes/flatsome/assets/css/flatsome1bad.css]
[nhaxinh.com/san-pham/ban-ben-tam-giac-tron-trung/index.html]
[nhaxinh.com/danh-muc/giam-gia-dac-biet/indexc1bc.html]
[nhaxinh.com/san-pham/ban-tron-go-mau-tu-nhien/index.html]
[nhaxinh.com/wp-content/themes/flatsome/assets/css/flatsome-shop1bad.css]
[nhaxinh.com/san-pham/ban-lam-viec-oak/index.html]
[nhaxinh.com/danh-muc/giam-gia-dac-biet/indexbc7d.html]
[nhaxinh.com/wp-content/themes/flatsome-child/style6aec.css]
[nhaxinh.com/danh-muc/giam-gia-dac-biet/indexe97c.html]
[nhaxinh.com/san-pham/ban-nuoc-opal-mat-da-tron/index.html]
[nhaxinh.com/wp-content/plugins/download-manager/assets/js/front4ab7.js]
[nhaxinh.com/danh-muc/giam-gia-dac-biet/index7eb3.html]
[nhaxinh.com/san-pham/ban-console-soul/index.html]
[nhaxinh.com/san-pham/ban-console-mau-tu-nhien/index.html]
[nhaxinh.com/wp-content/plugins/woo-related-products-refresh-on-reload/public/js/woo-related-products-public8a54.js]
[nhaxinh.com/danh-muc/giam-gia-dac-biet/indexe83e.html]
[nhaxinh.com/danh-muc/giam-gia-dac-biet/index6029.html]
[nhaxinh.com/san-pham/ban-ben-vuong-gold/index.html]
[nhaxinh.com/danh-muc/giam-gia-dac-biet/index4bf4.html]
[nhaxinh.com/wp-content/plugins/woocommerce/assets/js/frontend/country-select.minc484.js]
[nhaxinh.com/san-pham/bo-3-cai-ban-ben-tron/index.html]
[nhaxinh.com/wp-content/plugins/woocommerce/assets/js/frontend/address-i18n.minc484.js]
[nhaxinh.com/danh-muc/giam-gia-dac-biet/indexaa50.html]
[nhaxinh.com/san-pham/ban-ben-trip-lon/index.html]
[nhaxinh.com/wp-content/plugins/woocommerce/assets/js/frontend/cart.minc484.js]
[nhaxinh.com/danh-muc/giam-gia-dac-biet/index1402.html]
[nhaxinh.com/san-pham/bo-2-ban-nuoc-kim-loai-mau-gold/index.html]
[nhaxinh.com/wp-content/plugins/multiple-shipping-address-woocommerce/js/front8a54.js]
[nhaxinh.com/danh-muc/giam-gia-dac-biet/index16e8.html]
[nhaxinh.com/san-pham/ban-ben-bolero/index.html]
[nhaxinh.com/san-pham/ban-ben-ring-gold-l/index.html]
[nhaxinh.com/wp-json/wp/v2/pages/62.json]
[nhaxinh.com/danh-muc/giam-gia-dac-biet/indexb912.html]
[nhaxinh.com/san-pham/ban-nuoc-nat/index.html]
[nhaxinh.com/san-pham/ban-ben-chan-10-vong-tron-292/index.html]
[nhaxinh.com/danh-muc/giam-gia-dac-biet/index3ec0.html]
[nhaxinh.com/san-pham/ban-nuoc-cognac-2/index.html]
[nhaxinh.com/wp-json/oembed/1.0/embedb646.json]
[nhaxinh.com/danh-muc/giam-gia-dac-biet/index3489.html]
[nhaxinh.com/san-pham/ban-ben-easy-lon/index.html]
[nhaxinh.com/san-pham/ban-nuoc-inox/index.html]
[nhaxinh.com/danh-muc/giam-gia-dac-biet/indexb050.html]
[nhaxinh.com/wp-json/oembed/1.0/embed6d9b]
[nhaxinh.com/danh-muc/giam-gia-dac-biet/index50a1.html]
[nhaxinh.com/san-pham/ban-nuoc-iron/index.html]
[sp.zalo.me/plugins/sdk.js]
[nhaxinh.com/danh-muc/giam-gia-dac-biet/indexc614.html]
[nhaxinh.com/san-pham/ban-ben-diamond/index.html]
[nhaxinh.com/danh-muc/giam-gia-dac-biet/indexdcaa.html]
[nhaxinh.com/san-pham/ban-nuoc-soul/index.html]
[nhaxinh.com/danh-muc/giam-gia-dac-biet/index92d8.html]
[nhaxinh.com/san-pham/ban-ben-tube-lon/index.html]
[nhaxinh.com/san-pham/ban-nuoc-elo/index.html]
[nhaxinh.com/danh-muc/giam-gia-dac-biet/index5fb9.html]
[nhaxinh.com/san-pham/ban-nuoc-tuscany/index.html]
[nhaxinh.com/wp-content/plugins/woocommerce/assets/client/blocks/wc-blocks58b2.css]
[nhaxinh.com/danh-muc/giam-gia-dac-biet/index6985.html]
[nhaxinh.com/san-pham/ban-nuoc-patches/index.html]
[nhaxinh.com/danh-muc/giam-gia-dac-biet/index73b9.html]
[nhaxinh.com/wp-content/plugins/contact-form-7/includes/js/index4245.js]
[nhaxinh.com/danh-muc/giam-gia-dac-biet/index610b.html]
[nhaxinh.com/wp-content/plugins/devvn-woo-address-selectbox/vietnam-checkout/assets/js/devvn_tinhthanh001e.js]
[nhaxinh.com/san-pham/ban-nuoc-tam-giac-mau-go-tu-nhien/index.html]
[nhaxinh.com/wp-content/themes/flatsome-child/assets/js/qh-get-recently-products8a54.js]
[nhaxinh.com/san-pham/ban-ben-bui/index.html]
[nhaxinh.com/danh-muc/giam-gia-dac-biet/indexc03d.html]
[nhaxinh.com/wp-content/themes/flatsome/inc/integrations/wc-yith-wishlist/wishlist007f.js]
[nhaxinh.com/san-pham/ban-ngoai-troi-fermob-opera-poppy/index.html]
[nhaxinh.com/danh-muc/giam-gia-dac-biet/index0793.html]
[nhaxinh.com/san-pham/ban-an-soul-6-cho/index.html]
[nhaxinh.com/danh-muc/giam-gia-dac-biet/indexabc8.html]
[nhaxinh.com/wp-content/themes/flatsome-child/assets/js/yith-wishlistf269.js]
[nhaxinh.com/san-pham/ban-an-mo-rong-hc/index.html]
[nhaxinh.com/wp-content/themes/flatsome/inc/integrations/wp-rocket/flatsome-wp-rocket1bad.js]
[nhaxinh.com/san-pham/ban-an-mo-rong-hc-2/index.html]
[nhaxinh.com/wp-content/themes/flatsome/inc/integrations/wc-yith-ajax-navigation/yith-ajax-navigation1bad.js]
[nhaxinh.com/danh-muc/giam-gia-dac-biet/index5ae6.html]
[nhaxinh.com/danh-muc/giam-gia-dac-biet/indexe990.html]
[nhaxinh.com/san-pham/ban-an-oak/index.html]
[nhaxinh.com/wp-content/themes/flatsome/inc/extensions/flatsome-instant-page/flatsome-instant-page1576.js]
[nhaxinh.com/danh-muc/giam-gia-dac-biet/indexa55b.html]
[nhaxinh.com/san-pham/bo-ban-an-thong-minh-pop-6-cho-ghe-bọc-vải/index.html]
[nhaxinh.com/wp-content/themes/flatsome/inc/extensions/flatsome-live-search/flatsome-live-search1bad.js]
[nhaxinh.com/wp-content/plugins/contact-form-7/modules/recaptcha/index4245.js]
[nhaxinh.com/wp-content/themes/flatsome/inc/extensions/flatsome-lazy-load/flatsome-lazy-load1bad.js]
[nhaxinh.com/san-pham/ban-an-woa/index.html]
[nhaxinh.com/wp-content/plugins/google-listings-and-ads/js/build/gtag-eventsa900.js]
[nhaxinh.com/gio-hang/index.html]
[nhaxinh.com/danh-muc/giam-gia-dac-biet/index3873.html]
[nhaxinh.com/san-pham/ghe-ngoai-troi-fermob-facto-rosemary/index.html]
[nhaxinh.com/danh-muc/giam-gia-dac-biet/index7cc4.html]
[nhaxinh.com/san-pham/ghe-ngoai-troi-fermob-facto-willow-green/index.html]
[nhaxinh.com/danh-muc/giam-gia-dac-biet/index131d.html]
[nhaxinh.com/san-pham/ghe-ngoai-troi-fermob-facto-cactus/index.html]
[nhaxinh.com/danh-muc/giam-gia-dac-biet/index92d6.html]
[nhaxinh.com/san-pham/ghe-ngoai-troi-fermob-luxembourg-willow-green/index.html]
[nhaxinh.com/cua-hang/index.html]
[nhaxinh.com/danh-muc/giam-gia-dac-biet/indexa105.html]
[nhaxinh.com/danh-muc/giam-gia-dac-biet/indexfb46.html]
[nhaxinh.com/tai-khoan/index.html]
[nhaxinh.com/san-pham/ghe-ngoai-troi-fermob-luxembourg-cactus/index.html]
[nhaxinh.com/danh-muc/giam-gia-dac-biet/index5afe.html]
[nhaxinh.com/san-pham/ghe-ngoai-troi-fermob-plein-air-storm-grey/index.html]
[nhaxinh.com/san-pham/ghe-ngoai-troi-fermob-plein-air-nutmeg/index.html]
[nhaxinh.com/danh-muc/giam-gia-dac-biet/indexf3f7.html]
[nhaxinh.com/wp-json/wp/v2/product_cat/125.json]
[nhaxinh.com/danh-muc/giam-gia-dac-biet/index1581.html]
[nhaxinh.com/san-pham/ghe-ngoai-troi-fermob-plein-air-honey-2/index.html]
[nhaxinh.com/danh-muc/giam-gia-dac-biet/indexf542.html]
[nhaxinh.com/san-pham/ghe-laz-boy-3c-barrett-t35-752-deep-sage/index.html]
[nhaxinh.com/danh-muc/giam-gia-dac-biet/index4d58.html]
[nhaxinh.com/san-pham/ghe-tam-nang-alize-xs-nutmeg-2/index.html]
[nhaxinh.com/san-pham/ghe-boheme-da-mushroom/index.html]
[nhaxinh.com/danh-muc/giam-gia-dac-biet/index946b.html]
[nhaxinh.com/san-pham/ghe-tobe-cone/index.html]
[nhaxinh.com/danh-muc/phong-khach/sofa/index.html]
[nhaxinh.com/danh-muc/giam-gia-dac-biet/index1a3e.html]
[nhaxinh.com/san-pham/ghe-lidia-wood/index.html]
[nhaxinh.com/danh-muc/giam-gia-dac-biet/index050c.html]
[nhaxinh.com/danh-muc/giam-gia-dac-biet/indexa5d2.html]
[nhaxinh.com/san-pham/ghe-brown/index.html]
[nhaxinh.com/san-pham/ghe-forum/index.html]
[nhaxinh.com/danh-muc/giam-gia-dac-biet/index210c.html]
[nhaxinh.com/wp-json/wp/v2/product_cat/176.json]
[nhaxinh.com/san-pham/ghe-jazz/index.html]
[nhaxinh.com/danh-muc/giam-gia-dac-biet/index54a3.html]
[nhaxinh.com/san-pham/ghe-nine-vai-63827/index.html]
[nhaxinh.com/danh-muc/giam-gia-dac-biet/index1616.html]
[nhaxinh.com/san-pham/ghe-nh-khong-tay/index.html]
[nhaxinh.com/san-pham/ghe-wooden-anthracite-xam/index.html]
[nhaxinh.com/danh-muc/phong-khach/sofa-goc/index.html]
[nhaxinh.com/danh-muc/giam-gia-dac-biet/indexeb80.html]
[nhaxinh.com/danh-muc/giam-gia-dac-biet/index498b.html]
[nhaxinh.com/san-pham/ghe-coque-trang/index.html]
[nhaxinh.com/danh-muc/giam-gia-dac-biet/index35f0.html]
[nhaxinh.com/san-pham/dem-hoi-lamzac-mau-do/index.html]
[nhaxinh.com/wp-json/wp/v2/product_cat/143.json]
[nhaxinh.com/san-pham/dem-hoi-lamzac-mau-xanh-bien/index.html]
[nhaxinh.com/san-pham/ban-dau-giuong-bui/index.html]
[nhaxinh.com/danh-muc/giam-gia-dac-biet/index639d.html]
[nhaxinh.com/san-pham/ke-rack-3-tang/index.html]
[nhaxinh.com/san-pham/ke-rack-3-tang-mau-den/index.html]
[nhaxinh.com/danh-muc/giam-gia-dac-biet/index8960.html]
[nhaxinh.com/danh-muc/phong-khach/ghe-thu-gian/index.html]
[nhaxinh.com/danh-muc/giam-gia-dac-biet/index85ab.html]
[nhaxinh.com/san-pham/ke-treo-tuong-natura/index.html]
[nhaxinh.com/danh-muc/giam-gia-dac-biet/indexface.html]
[nhaxinh.com/san-pham/ke-treo-artigo/index.html]
[nhaxinh.com/wp-json/wp/v2/product_cat/170.json]
[nhaxinh.com/san-pham/tu-giay-pisa/index.html]
[nhaxinh.com/danh-muc/giam-gia-dac-biet/index1b54.html]
[nhaxinh.com/danh-muc/giam-gia-dac-biet/index390e.html]
[nhaxinh.com/san-pham/tu-tivi-iris/index.html]
[nhaxinh.com/san-pham/tu-ly-soul/index.html]
[nhaxinh.com/danh-muc/giam-gia-dac-biet/index13d9.html]
[nhaxinh.com/san-pham/tu-ly-10dr-2p/index.html]
[nhaxinh.com/danh-muc/giam-gia-dac-biet/index6d01.html]
[nhaxinh.com/danh-muc/phong-khach/armchair/index.html]
[nhaxinh.com/san-pham/tu-tivi-brooklyn/index.html]
[nhaxinh.com/danh-muc/giam-gia-dac-biet/index6334.html]
[nhaxinh.com/san-pham/tu-tivi-artigo-123-cm/index.html]
[nhaxinh.com/danh-muc/giam-gia-dac-biet/index4206.html]
[nhaxinh.com/wp-json/wp/v2/product_cat/154.json]
[nhaxinh.com/san-pham/tu-tivi-natura/index.html]
[nhaxinh.com/danh-muc/giam-gia-dac-biet/index9e79.html]
[nhaxinh.com/danh-muc/giam-gia-dac-biet/indexa9ab.html]
[nhaxinh.com/san-pham/tu-tivi-soul/index.html]
[nhaxinh.com/san-pham/tu-tv-bui/index.html]
[nhaxinh.com/danh-muc/giam-gia-dac-biet/indexfcb7.html]
[nhaxinh.com/danh-muc/phong-khach/ghe-dai-don/index.html]
[nhaxinh.com/danh-muc/giam-gia-dac-biet/index4475.html]
[nhaxinh.com/san-pham/tu-tivi-trung-bay-pop/index.html]
[nhaxinh.com/san-pham/tu-tivi-ak/index.html]
[nhaxinh.com/danh-muc/giam-gia-dac-biet/index5492.html]
[nhaxinh.com/san-pham/ban-ngoai-troi-fermob-sixties-2/index.html]
[nhaxinh.com/danh-muc/giam-gia-dac-biet/index06a1.html]
[nhaxinh.com/danh-muc/giam-gia-dac-biet/index2b46.html]
[nhaxinh.com/wp-json/wp/v2/product_cat/116.json]
[nhaxinh.com/san-pham/sofa-chestkelly-3-cho-da/index.html]
[nhaxinh.com/danh-muc/giam-gia-dac-biet/indexb799.html]
[nhaxinh.com/san-pham/den-tran-black-e27-40w/index.html]
[nhaxinh.com/san-pham/sofa-london-3-cho-hien-dai-simili-eb36/index.html]
[nhaxinh.com/san-pham/sofa-london-3-cho-hien-dai-da-nau/index.html]
[nhaxinh.com/danh-muc/giam-gia-dac-biet/index2bb4.html]
[nhaxinh.com/san-pham/sofa-maxine-3-cho-hien-dai-da-english-saddle/index.html]
[nhaxinh.com/danh-muc/giam-gia-dac-biet/index3c9d.html]
[nhaxinh.com/danh-muc/phong-khach/ban-ben/index.html]
[nhaxinh.com/san-pham/sofa-3-cho-leaf-vai-xanh-0021/index.html]
[nhaxinh.com/danh-muc/giam-gia-dac-biet/index8c29.html]
[nhaxinh.com/san-pham/tu-tivi-brem/index.html]
[nhaxinh.com/danh-muc/giam-gia-dac-biet/index815e.html]
[nhaxinh.com/danh-muc/giam-gia-dac-biet/index1720.html]
[nhaxinh.com/wp-json/wp/v2/product_cat/137.json]
[nhaxinh.com/san-pham/tu-tivi-lima/index.html]
[nhaxinh.com/danh-muc/giam-gia-dac-biet/index526b.html]
[nhaxinh.com/san-pham/ke-tivi-inbox-cs6026/index.html]
[nhaxinh.com/danh-muc/giam-gia-dac-biet/index54f8.html]
[nhaxinh.com/san-pham/tu-tivi-va-trung-bay-kazoku/index.html]
[nhaxinh.com/san-pham/ban-an-tuscany/index.html]
[nhaxinh.com/danh-muc/giam-gia-dac-biet/indexf76b.html]
[nhaxinh.com/danh-muc/phong-khach/ban-nuoc/index.html]
[nhaxinh.com/san-pham/den-treo-tuong/index.html]
[nhaxinh.com/danh-muc/giam-gia-dac-biet/index5379.html]
[nhaxinh.com/san-pham/den-chum-trang-tri-h80-373008/index.html]
[nhaxinh.com/danh-muc/giam-gia-dac-biet/index6dbf.html]
[nhaxinh.com/san-pham/ghe-dai-3-cho/index.html]
[nhaxinh.com/wp-json/wp/v2/product_cat/167.json]
[nhaxinh.com/san-pham/bench-ebony/index.html]
[nhaxinh.com/danh-muc/giam-gia-dac-biet/index9db0.html]
[nhaxinh.com/san-pham/ban-nuoc-life/index.html]
[nhaxinh.com/danh-muc/giam-gia-dac-biet/index73b9-2.html]
[nhaxinh.com/san-pham/ban-nuoc-eco/index.html]
[nhaxinh.com/danh-muc/giam-gia-dac-biet/indexc404.html]
[nhaxinh.com/san-pham/ban-nuoc-demo-ash/index.html]
[nhaxinh.com/danh-muc/giam-gia-dac-biet/index52f1.html]
[nhaxinh.com/danh-muc/phong-khach/ban-console/index.html]
[nhaxinh.com/san-pham/ban-an-go-cross-8-cho/index.html]
[nhaxinh.com/danh-muc/giam-gia-dac-biet/index7023.html]
[nhaxinh.com/san-pham/ban-an-louis/index.html]
[nhaxinh.com/danh-muc/giam-gia-dac-biet/indexb8bc.html]
[nhaxinh.com/danh-muc/giam-gia-dac-biet/index52b9.html]
[nhaxinh.com/wp-json/wp/v2/product_cat/131.json]
[nhaxinh.com/san-pham/ban-nuoc-hinh-vuong/index.html]
[nhaxinh.com/san-pham/ban-nuoc-vuong/index.html]
[nhaxinh.com/danh-muc/giam-gia-dac-biet/indexeee7.html]
[nhaxinh.com/danh-muc/giam-gia-dac-biet/index32fb.html]
[nhaxinh.com/san-pham/ghe-armchair-oak/index.html]
[nhaxinh.com/san-pham/ban-nuoc-mat-kinh-2-tang/index.html]
[nhaxinh.com/danh-muc/giam-gia-dac-biet/indexd79f.html]
[nhaxinh.com/danh-muc/giam-gia-dac-biet/indexe2f7.html]
[nhaxinh.com/danh-muc/phong-khach/tu-tivi/index.html]
[nhaxinh.com/san-pham/ban-nuoc-shiny/index.html]
[nhaxinh.com/san-pham/ban-ben-vert-iron/index.html]
[nhaxinh.com/danh-muc/giam-gia-dac-biet/index7085.html]
[nhaxinh.com/danh-muc/giam-gia-dac-biet/index7626.html]
[nhaxinh.com/san-pham/ban-nuoc-cognac/index.html]
[nhaxinh.com/wp-json/wp/v2/product_cat/166.json]
[nhaxinh.com/danh-muc/giam-gia-dac-biet/index91dd.html]
[nhaxinh.com/san-pham/ban-nuoc-flora/index.html]
[nhaxinh.com/danh-muc/giam-gia-dac-biet/indexc3ef.html]
[nhaxinh.com/san-pham/bo-2-ban-nuoc-tron-mat-kinh/index.html]
[nhaxinh.com/danh-muc/giam-gia-dac-biet/index7953.html]
[nhaxinh.com/san-pham/tu-ly-joli/index.html]
[nhaxinh.com/san-pham/ban-console-3-ke-trang/index.html]
[nhaxinh.com/danh-muc/giam-gia-dac-biet/indexa04b.html]
[nhaxinh.com/san-pham/ke-sach-iris/index.html]
[nhaxinh.com/danh-muc/phong-khach/ke-phong-khach/index.html]
[nhaxinh.com/danh-muc/giam-gia-dac-biet/indexdce0.html]
[nhaxinh.com/san-pham/ban-dau-giuong-ubai/index.html]
[nhaxinh.com/danh-muc/giam-gia-dac-biet/indexafe0.html]
[nhaxinh.com/san-pham/console-graphik/index.html]
[nhaxinh.com/danh-muc/giam-gia-dac-biet/index6e37.html]
[nhaxinh.com/danh-muc/giam-gia-dac-biet/indexf3f9.html]
[nhaxinh.com/san-pham/tu-tivi-shelter/index.html]
[nhaxinh.com/wp-json/wp/v2/product_cat/133.json]
[nhaxinh.com/danh-muc/giam-gia-dac-biet/indexcceb.html]
[nhaxinh.com/san-pham/ban-console-vert-iron-77568j/index.html]
[nhaxinh.com/san-pham/tu-trung-bay-so-chic/index.html]
[nhaxinh.com/danh-muc/giam-gia-dac-biet/index1572.html]
[nhaxinh.com/san-pham/tu-bep-sunny-2/index.html]
[nhaxinh.com/danh-muc/giam-gia-dac-biet/index26ad.html]
[nhaxinh.com/danh-muc/phong-khach/tu-giay/index.html]
[nhaxinh.com/san-pham/tu-ly-shelter/index.html]
[nhaxinh.com/danh-muc/giam-gia-dac-biet/indexbe59.html]
[nhaxinh.com/danh-muc/giam-gia-dac-biet/Opera Mini/index.html]
[nhaxinh.com/danh-muc/giam-gia-dac-biet/OPR/index.html]
[nhaxinh.com/danh-muc/giam-gia-dac-biet/indexb788.html]
[nhaxinh.com/wp-json/wp/v2/product_cat/127.json]
[nhaxinh.com/danh-muc/giam-gia-dac-biet/CriOS/index.html]
[nhaxinh.com/danh-muc/giam-gia-dac-biet/OPT/index.html]
[nhaxinh.com/danh-muc/giam-gia-dac-biet/Edge/index.html]
[nhaxinh.com/danh-muc/giam-gia-dac-biet/Chrome/index.html]
[nhaxinh.com/danh-muc/giam-gia-dac-biet/Firefox/index.html]
[nhaxinh.com/danh-muc/giam-gia-dac-biet/Silk/index.html]
[nhaxinh.com/danh-muc/phong-an/ban-an/index.html]
[nhaxinh.com/danh-muc/giam-gia-dac-biet/Version/index.html]
[nhaxinh.com/danh-muc/giam-gia-dac-biet/IEMobile/index.html]
[nhaxinh.com/danh-muc/giam-gia-dac-biet/WebKit/index.html]
[nhaxinh.com/stores-locators/index9ed2.html]
[nhaxinh.com/he-thong-cua-hang/Opera Mini/index.html]
[nhaxinh.com/he-thong-cua-hang/OPR/index.html]
[nhaxinh.com/wp-json/wp/v2/product_cat/94.json]
[nhaxinh.com/he-thong-cua-hang/OPT/index.html]
[nhaxinh.com/he-thong-cua-hang/CriOS/index.html]
[nhaxinh.com/he-thong-cua-hang/Edge/index.html]
[nhaxinh.com/he-thong-cua-hang/Chrome/index.html]
[nhaxinh.com/he-thong-cua-hang/Firefox/index.html]
[nhaxinh.com/he-thong-cua-hang/Silk/index.html]
[nhaxinh.com/he-thong-cua-hang/Version/index.html]
[nhaxinh.com/he-thong-cua-hang/IEMobile/index.html]
[nhaxinh.com/he-thong-cua-hang/WebKit/index.html]
[nhaxinh.com/danh-muc/phong-an/ghe-an/index.html]
[nhaxinh.com/gio-hang/Opera Mini/index.html]
[nhaxinh.com/gio-hang/OPT/index.html]
[nhaxinh.com/gio-hang/OPR/index.html]
[nhaxinh.com/gio-hang/CriOS/index.html]
[nhaxinh.com/gio-hang/Edge/index.html]
[nhaxinh.com/gio-hang/Chrome/index.html]
[nhaxinh.com/gio-hang/Firefox/index.html]
[nhaxinh.com/wp-json/wp/v2/product_cat/151.json]
[nhaxinh.com/gio-hang/Silk/index.html]
[nhaxinh.com/gio-hang/Version/index.html]
[nhaxinh.com/gio-hang/IEMobile/index.html]
[nhaxinh.com/gio-hang/WebKit/index.html]
[nhaxinh.com/san-pham/armchair-doulton-vintage/index.html]
[nhaxinh.com/danh-muc/phong-an/ghe-bar/index.html]
[nhaxinh.com/cua-hang/page/2/index.html]
[nhaxinh.com/cua-hang/index4bca.html]
[nhaxinh.com/san-pham/armchair-hung-king/index.html]
[nhaxinh.com/cua-hang/index391d.html]
[nhaxinh.com/cua-hang/feed/index.html]
[nhaxinh.com/wp-json/wp/v2/product_cat/158.json]
[nhaxinh.com/cua-hang/index9a3e.html]
[nhaxinh.com/cua-hang/indexe67e.html]
[nhaxinh.com/san-pham/ghe-easy-chair-oriental-vact10389/index.html]
[nhaxinh.com/cua-hang/index072b.html]
[nhaxinh.com/danh-muc/phong-an/tu-ly/index.html]
[nhaxinh.com/san-pham/armchair-saka-p100-vai-vact10498/index.html]
[nhaxinh.com/san-pham/armchair-vai-dark-sf044vf-i/index.html]
[nhaxinh.com/cua-hang/indexf8d8.html]
[nhaxinh.com/san-pham/armchair-vai-mau-nau-do-sf044ter-i/index.html]
[nhaxinh.com/san-pham/armchair-vai-mau-vang-sf044j-ids/index.html]
[nhaxinh.com/cua-hang/index7f9f.html]
[nhaxinh.com/san-pham/armchair-valente/index.html]
[nhaxinh.com/wp-json/wp/v2/product_cat/179.json]
[nhaxinh.com/cua-hang/index7335.html]
[nhaxinh.com/san-pham/armchair-xoay-albert-kuip-taupe/index.html]
[nhaxinh.com/cua-hang/index2ac0.html]
[nhaxinh.com/cua-hang/index50ee.html]
[nhaxinh.com/cua-hang/index09f0.html]
[nhaxinh.com/san-pham/ban-an-6-cho-coastal/index.html]
[nhaxinh.com/san-pham/ban-an-8-cho-coastal/index.html]
[nhaxinh.com/danh-muc/phong-an/xe-day/index.html]
[nhaxinh.com/cua-hang/index8fdd.html]
[nhaxinh.com/cua-hang/index45a0.html]
[nhaxinh.com/san-pham/ban-an-8-cho-rudo/index.html]
[nhaxinh.com/cua-hang/indexfaed.html]
[nhaxinh.com/san-pham/ban-an-8-cho-tet/index.html]
[nhaxinh.com/wp-json/wp/v2/product_cat/78.json]
[nhaxinh.com/san-pham/ban-an-8-cho-orientale-walnut/index.html]
[nhaxinh.com/cua-hang/indexd776.html]
[nhaxinh.com/cua-hang/index6182.html]
[nhaxinh.com/san-pham/ban-an-breeze-mat-kinh-bronze-gm2/index.html]
[nhaxinh.com/cua-hang/index0abe.html]
[nhaxinh.com/san-pham/ban-an-lucia/index.html]
[nhaxinh.com/san-pham/ban-an-cult-6-cho/index.html]
[nhaxinh.com/danh-muc/bep/tu-bep/index.html]
[nhaxinh.com/cua-hang/indexef3e.html]
[nhaxinh.com/san-pham/ban-an-may-moi-8-cho/index.html]
[nhaxinh.com/cua-hang/indexbfd4.html]
[nhaxinh.com/san-pham/ban-an-mo-rong-apian-ceramic-trang-p2c/index.html]
[nhaxinh.com/san-pham/ban-an-peak-hien-dai-mat-ceramic-van-may/index.html]
[nhaxinh.com/wp-json/wp/v2/product_cat/200.json]
[nhaxinh.com/cua-hang/indexba5c.html]
[nhaxinh.com/cua-hang/index9706.html]
[nhaxinh.com/san-pham/ban-an-tron-vortex-1m2-ceramic-p14c/index.html]
[nhaxinh.com/san-pham/ban-an-tron-vortex-1m2-ceramic-p9c/index.html]
[nhaxinh.com/cua-hang/index7a1e.html]
[nhaxinh.com/san-pham/ban-an-valente-8-cho/index.html]
[nhaxinh.com/danh-muc/bep/phu-kien-bep/index.html]
[nhaxinh.com/cua-hang/index3952.html]
[nhaxinh.com/san-pham/ban-ben-3c-02/index.html]
[nhaxinh.com/cua-hang/indexc703.html]
[nhaxinh.com/san-pham/ban-ben-bottiglia-mau-xanh-50cm/index.html]
[nhaxinh.com/cua-hang/index8c55.html]
[nhaxinh.com/san-pham/ban-ben-butterfly-ginkgo-411510-mca/index.html]
[nhaxinh.com/wp-json/wp/v2/product_cat/86.json]
[nhaxinh.com/cua-hang/index84ea.html]
[nhaxinh.com/cua-hang/index64dc.html]
[nhaxinh.com/san-pham/ban-ben-endless-vegas-mau-xanh/index.html]
[nhaxinh.com/san-pham/ban-ben-endless-vegas-mau-cam/index.html]
[nhaxinh.com/san-pham/ban-ben-fence/index.html]
[nhaxinh.com/cua-hang/index490a.html]
[nhaxinh.com/cua-hang/index5a68.html]
[nhaxinh.com/danh-muc/phong-ngu/giuong/index.html]
[nhaxinh.com/san-pham/ban-ben-hung-king/index.html]
[nhaxinh.com/cua-hang/indexeff0.html]
[nhaxinh.com/cua-hang/index67dc.html]
[nhaxinh.com/san-pham/ban-ben-line-orange-mvt46o-i/index.html]
[nhaxinh.com/san-pham/ban-ben-line-taupe-mvt46t-i/index.html]
[nhaxinh.com/cua-hang/index6c68.html]
[nhaxinh.com/wp-json/wp/v2/product_cat/129.json]
[nhaxinh.com/san-pham/ban-ben-mat-da-tet/index.html]
[nhaxinh.com/san-pham/ban-ben-louane/index.html]
[nhaxinh.com/cua-hang/index1a90.html]
[nhaxinh.com/cua-hang/index433a.html]
[nhaxinh.com/danh-muc/phong-ngu/ban-dau-giuong/index.html]
[nhaxinh.com/san-pham/ban-ben-moon/index.html]
[nhaxinh.com/cua-hang/index3d76.html]
[nhaxinh.com/san-pham/ban-ben-puro-ceramic-p4c/index.html]
[nhaxinh.com/cua-hang/index82b3.html]
[nhaxinh.com/san-pham/ban-ben-puro-cs5117r-ceramic-p7c/index.html]
[nhaxinh.com/wp-json/wp/v2/product_cat/186.json]
[nhaxinh.com/san-pham/ban-ben-side-table-slide-2300353z/index.html]
[nhaxinh.com/cua-hang/index4b68.html]
[nhaxinh.com/cua-hang/index9e25.html]
[nhaxinh.com/san-pham/ban-ben-tita-gold/index.html]
[nhaxinh.com/danh-muc/phong-ngu/ban-trang-diem/index.html]
[nhaxinh.com/cua-hang/index19dd.html]
[nhaxinh.com/san-pham/ban-ben-toni/index.html]
[nhaxinh.com/cua-hang/index5160.html]
[nhaxinh.com/cua-hang/index6081.html]
[nhaxinh.com/san-pham/ban-ben-tron-may-moi/index.html]
[nhaxinh.com/wp-json/wp/v2/product_cat/118.json]
[nhaxinh.com/san-pham/ban-ben-tron-sai-gon-2-tang/index.html]
[nhaxinh.com/san-pham/ban-ben-valente/index.html]
[nhaxinh.com/cua-hang/indexdba8.html]
[nhaxinh.com/cua-hang/index7293.html]
[nhaxinh.com/danh-muc/phong-ngu/tu-ao/index.html]
[nhaxinh.com/san-pham/ban-console-barbier-walnut/index.html]
[nhaxinh.com/cua-hang/indexa070.html]
[nhaxinh.com/san-pham/ban-console-butterfly-ginkgo-411511-mca/index.html]
[nhaxinh.com/san-pham/ban-console-charme-84866k/index.html]
[nhaxinh.com/cua-hang/indexe73a.html]
[nhaxinh.com/cua-hang/index0304.html]
[nhaxinh.com/san-pham/ban-console-dong-hoa-mau-gold/index.html]
[nhaxinh.com/san-pham/ban-console-glenn-84888k/index.html]
[nhaxinh.com/wp-json/wp/v2/product_cat/145.json]
[nhaxinh.com/san-pham/ban-console-hung-king/index.html]
[nhaxinh.com/cua-hang/index48c8.html]
[nhaxinh.com/cua-hang/index620f.html]
[nhaxinh.com/cua-hang/index3368.html]
[nhaxinh.com/san-pham/ban-console-janis/index.html]
[nhaxinh.com/danh-muc/phong-ngu/tu-am-tuong/index.html]
[nhaxinh.com/san-pham/ban-console-kim-loai-vang/index.html]
[nhaxinh.com/cua-hang/indexbc84.html]
[nhaxinh.com/san-pham/ban-console-slide-2600038z/index.html]
[nhaxinh.com/san-pham/ban-console-wire-glass-marble/index.html]
[nhaxinh.com/cua-hang/index6720.html]
[nhaxinh.com/san-pham/ban-dau-giuong-coastal/index.html]
[nhaxinh.com/wp-json/wp/v2/product_cat/120.json]
[nhaxinh.com/san-pham/ban-dau-giuong-madame-mau-p67w/index.html]
[nhaxinh.com/cua-hang/indexf1c9.html]
[nhaxinh.com/cua-hang/index1efa.html]
[nhaxinh.com/san-pham/ban-dau-giuong-ubai-2/index.html]
[nhaxinh.com/danh-muc/phong-ngu/tu-hoc-keo/index.html]
[nhaxinh.com/cua-hang/indexe520.html]
[nhaxinh.com/cua-hang/index3898.html]
[nhaxinh.com/san-pham/ban-kim-loai-vang-m/index.html]
[nhaxinh.com/san-pham/ban-kim-loai-vang-s/index.html]
[nhaxinh.com/cua-hang/index75fe.html]
[nhaxinh.com/san-pham/ban-lam-viec-coastal/index.html]
[nhaxinh.com/cua-hang/index4a4c.html]
[nhaxinh.com/san-pham/ban-lam-viec-fence/index.html]
[nhaxinh.com/wp-json/wp/v2/product_cat/165.json]
[nhaxinh.com/san-pham/ban-lam-viec-finn-260011/index.html]
[nhaxinh.com/cua-hang/indexd9ec.html]
[nhaxinh.com/cua-hang/index2c5a.html]
[nhaxinh.com/san-pham/ban-lam-viec-foldy/index.html]
[nhaxinh.com/danh-muc/phong-ngu/nem/index.html]
[nhaxinh.com/cua-hang/indexc716.html]
[nhaxinh.com/san-pham/ban-lam-viec-saka/index.html]
[nhaxinh.com/cua-hang/index034f.html]
[nhaxinh.com/san-pham/ban-lam-viec-wing-mau-den/index.html]
[nhaxinh.com/cua-hang/indexe13b.html]
[nhaxinh.com/san-pham/ban-lam-viec-wing-mau-trang/index.html]
[nhaxinh.com/wp-json/wp/v2/product_cat/139.json]
[nhaxinh.com/san-pham/ban-nuoc-chu-nhat-valente/index.html]
[nhaxinh.com/san-pham/ban-nuoc-dura/index.html]
[nhaxinh.com/cua-hang/index5043.html]
[nhaxinh.com/cua-hang/index76ba.html]
[nhaxinh.com/danh-muc/phong-lam-viec/ban-lam-viec/index.html]
[nhaxinh.com/san-pham/ban-nuoc-ha-noi/index.html]
[nhaxinh.com/san-pham/ban-nuoc-fence/index.html]
[nhaxinh.com/san-pham/ban-nuoc-hung-king/index.html]
[nhaxinh.com/cua-hang/index6491.html]
[nhaxinh.com/cua-hang/indexa8ab.html]
[nhaxinh.com/san-pham/ban-nuoc-layered/index.html]
[nhaxinh.com/wp-json/wp/v2/product_cat/181.json]
[nhaxinh.com/san-pham/ban-nuoc-mat-da-tet/index.html]
[nhaxinh.com/cua-hang/indexb04b.html]
[nhaxinh.com/cua-hang/index043e.html]
[nhaxinh.com/san-pham/ban-nuoc-moretti/index.html]
[nhaxinh.com/cua-hang/indexe0b5.html]
[nhaxinh.com/san-pham/ban-nuoc-poppy-mau-2-mau-smoke/index.html]
[nhaxinh.com/danh-muc/phong-lam-viec/ghe-phong-lam-viec/index.html]
[nhaxinh.com/san-pham/ban-nuoc-tron-may-moi/index.html]
[nhaxinh.com/cua-hang/index4b20.html]
[nhaxinh.com/cua-hang/index4fe7.html]
[nhaxinh.com/san-pham/ban-nuoc-tron-sai-gon-2-tang/index.html]
[nhaxinh.com/cua-hang/indexf23b.html]
[nhaxinh.com/cua-hang/index405e.html]
[nhaxinh.com/wp-json/wp/v2/product_cat/123.json]
[nhaxinh.com/san-pham/ban-nuoc-tron-valente/index.html]
[nhaxinh.com/san-pham/console-mirror-curve-art-84839k/index.html]
[nhaxinh.com/cua-hang/index7600.html]
[nhaxinh.com/cua-hang/indexc1ba.html]
[nhaxinh.com/danh-muc/phong-lam-viec/ke-sach/index.html]
[nhaxinh.com/san-pham/ban-plant-stand-105817u/index.html]
[nhaxinh.com/san-pham/ban-tra-venezia-bar-venezia-mau-cream/index.html]
[nhaxinh.com/cua-hang/index1af9.html]
[nhaxinh.com/san-pham/bench-paco-mustard-150cm-86074k/index.html]
[nhaxinh.com/cua-hang/indexdfa4.html]
[nhaxinh.com/cua-hang/indexf5f3.html]
[nhaxinh.com/san-pham/binh-aila-turquoise/index.html]
[nhaxinh.com/wp-json/wp/v2/product_cat/153.json]
[nhaxinh.com/cua-hang/indexdbf9.html]
[nhaxinh.com/san-pham/binh-anemone-co-trung-175082-mca/index.html]
[nhaxinh.com/san-pham/binh-aline-do-xs-16x16x16-23102j/index.html]
[nhaxinh.com/cua-hang/indexeed9.html]
[nhaxinh.com/cua-hang/indexa10a.html]
[nhaxinh.com/danh-muc/ngoai-that/ban-ngoai-troi/index.html]
[nhaxinh.com/san-pham/binh-anemone-lon-175083-mca/index.html]
[nhaxinh.com/cua-hang/indexc9db.html]
[nhaxinh.com/san-pham/binh-anemone-nho-175081-mca/index.html]
[nhaxinh.com/san-pham/binh-atelier-jaune-h26-156603c/index.html]
[nhaxinh.com/cua-hang/index358b.html]
[nhaxinh.com/san-pham/binh-bloom-green-820053z/index.html]
[nhaxinh.com/cua-hang/index2af1.html]
[nhaxinh.com/san-pham/binh-bloom-ivory-820052z/index.html]
[nhaxinh.com/cua-hang/indexfd7f.html]
[nhaxinh.com/san-pham/binh-bloom-mist-blue-820050z/index.html]
[nhaxinh.com/cua-hang/index0370.html]
[nhaxinh.com/cua-hang/index2383.html]
[nhaxinh.com/san-pham/binh-brenda-granit-mau-do-16803b/index.html]
[nhaxinh.com/wp-json/wp/v2/product_cat/152.json]
[nhaxinh.com/san-pham/binh-brenda-granit-mau-xanh-16823b/index.html]
[nhaxinh.com/san-pham/binh-brenda-granit-sand-16813b/index.html]
[nhaxinh.com/cua-hang/index5076.html]
[nhaxinh.com/san-pham/binh-brut-gris-157702c/index.html]
[nhaxinh.com/danh-muc/ngoai-that/ghe-ngoai-troi/index.html]
[nhaxinh.com/cua-hang/index7192.html]
[nhaxinh.com/cua-hang/index837f.html]
[nhaxinh.com/san-pham/binh-brut-terracota-157703c/index.html]
[nhaxinh.com/cua-hang/indexc355.html]
[nhaxinh.com/san-pham/binh-brut-xam-157700c/index.html]
[nhaxinh.com/san-pham/binh-butterfly-gingo-soap-175845-mca/index.html]
[nhaxinh.com/cua-hang/index2556.html]
[nhaxinh.com/cua-hang/indexb854.html]
[nhaxinh.com/san-pham/binh-butterfly-ginkgo-lon-175930-mca/index.html]
[nhaxinh.com/wp-json/wp/v2/product_cat/159.json]
[nhaxinh.com/cua-hang/indexa4b0.html]
[nhaxinh.com/san-pham/binh-butterfly-ginkgo-small-175894-mca/index.html]
[nhaxinh.com/san-pham/binh-calla-lily-large-123201-mca/index.html]
[nhaxinh.com/cua-hang/index4090.html]
[nhaxinh.com/danh-muc/hang-trang-tri/den/index.html]
[nhaxinh.com/cua-hang/indexc8a4.html]
[nhaxinh.com/san-pham/binh-calla-lily-rose-123203-mca/index.html]
[nhaxinh.com/cua-hang/index3d04.html]
[nhaxinh.com/san-pham/binh-carved-saphire-mau-xanh-14x37-2069sg-o/index.html]
[nhaxinh.com/cua-hang/indexb497.html]
[nhaxinh.com/san-pham/binh-carved-saphire-mau-xanh-17x38-2058sg-o/index.html]
[nhaxinh.com/wp-json/wp/v2/product_cat/162.json]
[nhaxinh.com/san-pham/binh-child-head-vang-159644c/index.html]
[nhaxinh.com/san-pham/binh-child-head-xanh-la-159645c/index.html]
[nhaxinh.com/cua-hang/index1f7c.html]
[nhaxinh.com/cua-hang/index4b13.html]
[nhaxinh.com/san-pham/binh-clementine-bordeauxh45-156611c/index.html]
[nhaxinh.com/danh-muc/hang-trang-tri/tham/index.html]
[nhaxinh.com/cua-hang/index6f61.html]
[nhaxinh.com/san-pham/binh-con-buom-60464k/index.html]
[nhaxinh.com/cua-hang/index738a.html]
[nhaxinh.com/cua-hang/indexafa5.html]
[nhaxinh.com/san-pham/binh-cylinder-boysenberry-40849b/index.html]
[nhaxinh.com/cua-hang/index4e99.html]
[nhaxinh.com/wp-json/wp/v2/pages/34986.json]
[nhaxinh.com/san-pham/binh-cylinder-hong-s/index.html]
[nhaxinh.com/san-pham/binh-cylinder-stripe-amber-43473b/index.html]
[nhaxinh.com/cua-hang/index4f0c.html]
[nhaxinh.com/cua-hang/index5550.html]
[nhaxinh.com/san-pham/binh-cylinder-stripe-pine-40847b/index.html]
[nhaxinh.com/wp-json/oembed/1.0/embeda149.json]
[nhaxinh.com/san-pham/binh-cylinder-xanh-la-nho-16x16x32-3704j/index.html]
[nhaxinh.com/cua-hang/indexa753.html]
[nhaxinh.com/cua-hang/index8b6e.html]
[nhaxinh.com/san-pham/binh-dai-mau-ho-phach-nho-23665j/index.html]
[nhaxinh.com/wp-json/oembed/1.0/embedddec]
[nhaxinh.com/san-pham/binh-dandelion-lon-131901-mca/index.html]
[nhaxinh.com/wp-content/uploads/2022/05/hang-trang-tri-michle-aram-3-banner.jpg]
[nhaxinh.com/san-pham/binh-deep-sea-107037u/index.html]
[nhaxinh.com/cua-hang/index1bbf.html]
[nhaxinh.com/cua-hang/index0bcc.html]
[nhaxinh.com/san-pham/binh-dogwood-bud-vase-123064-mca/index.html]
[nhaxinh.com/cua-hang/index8785.html]
[nhaxinh.com/san-pham/binh-donata-jade-glass-1903j-o/index.html]
[nhaxinh.com/hang-trang-tri-michael-aram/index.html]
[nhaxinh.com/cua-hang/index79c8.html]
[nhaxinh.com/san-pham/binh-dung-xa-bong-calla-lily123238-mca/index.html]
[nhaxinh.com/cua-hang/indexea86.html]
[nhaxinh.com/cua-hang/indexe283.html]
[nhaxinh.com/san-pham/binh-dung-xa-bong-palm-bath-174939-mca/index.html]
[nhaxinh.com/cua-hang/indexc3fa.html]
[nhaxinh.com/san-pham/binh-egg-thuy-tinh/index.html]
[nhaxinh.com/wp-json/wp/v2/product_cat/177.json]
[nhaxinh.com/san-pham/binh-elegance-brut/index.html]
[nhaxinh.com/san-pham/binh-emilia-granit-mau-do-16800b/index.html]
[nhaxinh.com/cua-hang/indexaa01.html]
[nhaxinh.com/cua-hang/index68ca.html]
[nhaxinh.com/danh-muc/hang-trang-tri/do-trang-tri-noel/index.html]
[nhaxinh.com/cua-hang/index7c5d.html]
[nhaxinh.com/san-pham/binh-emilia-granit-mau-xanh-16820b/index.html]
[nhaxinh.com/san-pham/binh-emilia-granit-sand-16810b/index.html]
[nhaxinh.com/cua-hang/index4f7e.html]
[nhaxinh.com/san-pham/binh-emilia-topaz-19557b/index.html]
[nhaxinh.com/cua-hang/index1dab.html]
[nhaxinh.com/cua-hang/index5bd6.html]
[nhaxinh.com/san-pham/binh-gom-cao-mau-nau-lon-48cm-22675/index.html]
[nhaxinh.com/wp-json/wp/v2/product_cat/135.json]
[nhaxinh.com/cua-hang/indexc52d.html]
[nhaxinh.com/san-pham/binh-gom-hoa-sen-celadon/index.html]
[nhaxinh.com/san-pham/binh-gom-cao-nau-nho-42cm-22674/index.html]
[nhaxinh.com/cua-hang/index94f4.html]
[nhaxinh.com/cua-hang/index3244.html]
[nhaxinh.com/danh-muc/hang-trang-tri/binh-trang-tri/index.html]
[nhaxinh.com/san-pham/binh-gom-mau-be-lon-22667/index.html]
[nhaxinh.com/san-pham/binh-gom-mau-be-nho-22665/index.html]
[nhaxinh.com/cua-hang/indexab7c.html]
[nhaxinh.com/cua-hang/index92f4.html]
[nhaxinh.com/san-pham/binh-gom-mau-be-vua-22666/index.html]
[nhaxinh.com/cua-hang/indexe557.html]
[nhaxinh.com/san-pham/binh-half-ass2/index.html]
[nhaxinh.com/wp-json/wp/v2/product_cat/160.json]
[nhaxinh.com/san-pham/binh-hinh-la-trang-gold-co-trung-27954j/index.html]
[nhaxinh.com/san-pham/binh-hinh-la-trang-gold-lon-27955j/index.html]
[nhaxinh.com/cua-hang/indexe736.html]
[nhaxinh.com/cua-hang/index9c2e.html]
[nhaxinh.com/san-pham/binh-hoa-barfly-berry/index.html]
[nhaxinh.com/danh-muc/hang-trang-tri/tranh/index.html]
[nhaxinh.com/san-pham/binh-hoa-barfly-berry-24cm-60579k/index.html]
[nhaxinh.com/cua-hang/indexf804.html]
[nhaxinh.com/cua-hang/indexc3b8.html]
[nhaxinh.com/san-pham/binh-hoa-calabria-mau-cam-28cm/index.html]
[nhaxinh.com/cua-hang/indexa4b7.html]
[nhaxinh.com/cua-hang/indexf9a5.html]
[nhaxinh.com/san-pham/binh-hoa-chu-thap-gom-xam-vua-12817/index.html]
[nhaxinh.com/san-pham/binh-hoa-co-voi-elise-gom-be-nau-33-15308/index.html]
[nhaxinh.com/wp-json/wp/v2/product_cat/157.json]
[nhaxinh.com/cua-hang/indexdc55.html]
[nhaxinh.com/san-pham/binh-hoa-co-voi-elise-gom-be-nau-nho-33-15309/index.html]
[nhaxinh.com/san-pham/binh-hoa-cyl-ring-thuy-tinh/index.html]
[nhaxinh.com/cua-hang/indexf29d.html]
[nhaxinh.com/cua-hang/indexccd0.html]
[nhaxinh.com/danh-muc/hang-trang-tri/khung-guong/index.html]
[nhaxinh.com/san-pham/binh-hoa-cylinder-cao-lon-28840j/index.html]
[nhaxinh.com/cua-hang/indexd292.html]
[nhaxinh.com/san-pham/binh-hoa-cylinder-cao-nho-28839j/index.html]
[nhaxinh.com/cua-hang/index5523.html]
[nhaxinh.com/san-pham/binh-hoa-cylinder-thap-lon-28838j/index.html]
[nhaxinh.com/wp-json/wp/v2/product_cat/171.json]
[nhaxinh.com/san-pham/binh-hoa-elisa-thuy-tinh-xanh-la-nho-18658/index.html]
[nhaxinh.com/san-pham/binh-hoa-fajen-terrazzo-pink-8200041z/index.html]
[nhaxinh.com/cua-hang/index27d9.html]
[nhaxinh.com/cua-hang/indexc6ba.html]
[nhaxinh.com/cua-hang/index5290.html]
[nhaxinh.com/danh-muc/hang-trang-tri/hoa-cay/index.html]
[nhaxinh.com/san-pham/binh-hoa-favola-24cm/index.html]
[nhaxinh.com/san-pham/binh-hoa-favola-25-5cm/index.html]
[nhaxinh.com/cua-hang/indexabf0.html]
[nhaxinh.com/cua-hang/index046b.html]
[nhaxinh.com/san-pham/binh-hoa-favola-lady/index.html]
[nhaxinh.com/cua-hang/index067d.html]
[nhaxinh.com/san-pham/binh-hoa-favola-men/index.html]
[nhaxinh.com/wp-json/wp/v2/product_cat/174.json]
[nhaxinh.com/san-pham/binh-hoa-gina-yellow/index.html]
[nhaxinh.com/san-pham/binh-hoa-gom-xanh-dam-flc002/index.html]
[nhaxinh.com/cua-hang/index9c9a.html]
[nhaxinh.com/cua-hang/index1dd8.html]
[nhaxinh.com/cua-hang/index727e.html]
[nhaxinh.com/danh-muc/hang-trang-tri/dong-ho-hang-trang-tri/index.html]
[nhaxinh.com/san-pham/binh-hoa-gom-xanh-la-cao-nho-3320/index.html]
[nhaxinh.com/cua-hang/indexc758.html]
[nhaxinh.com/san-pham/binh-hoa-gom-xanh-la-thap-nho-14cm-3315/index.html]
[nhaxinh.com/cua-hang/indexb50c.html]
[nhaxinh.com/san-pham/binh-hoa-gom-xanh-la-thap-vua-18-5cm-3316/index.html]
[nhaxinh.com/cua-hang/indexba92.html]
[nhaxinh.com/san-pham/binh-hoa-hinh-tru-hurricane-craquelure-thuy-tinh-trang-duc-xl-18561/index.html]
[nhaxinh.com/wp-json/wp/v2/product_cat/169.json]
[nhaxinh.com/san-pham/binh-hoa-ladies-dress/index.html]
[nhaxinh.com/san-pham/binh-hoa-landscape-vang-18xh32-flc079/index.html]
[nhaxinh.com/cua-hang/indexc05f.html]
[nhaxinh.com/cua-hang/indexd824.html]
[nhaxinh.com/danh-muc/hang-trang-tri/khung-hinh/index.html]
[nhaxinh.com/cua-hang/index106e.html]
[nhaxinh.com/cua-hang/index0f0d.html]
[nhaxinh.com/san-pham/binh-hoa-lina-xanh-la-nho-11x21-23043j/index.html]
[nhaxinh.com/san-pham/binh-hoa-lina-xanh-la-lon-23044j/index.html]
[nhaxinh.com/cua-hang/indexd769.html]
[nhaxinh.com/san-pham/binh-hoa-miki-verre-mau-gold-lon-28833j/index.html]
[nhaxinh.com/san-pham/binh-hoa-miki-verre-mau-gold-nho-28832j/index.html]
[nhaxinh.com/cua-hang/indexe00d.html]
[nhaxinh.com/cua-hang/index0336.html]
[nhaxinh.com/san-pham/binh-hoa-mily-thuy-tinh-dai-xanh-la-lon-30-5cm-23615/index.html]
[nhaxinh.com/wp-json/wp/v2/product_cat/155.json]
[nhaxinh.com/san-pham/binh-hoa-mily-thuy-tinh-dai-xanh-la-nho-21-5cm-23614/index.html]
[nhaxinh.com/cua-hang/index9dee.html]
[nhaxinh.com/cua-hang/index0ca4.html]
[nhaxinh.com/san-pham/binh-hoa-noble-ring-nau-40cm-51137k/index.html]
[nhaxinh.com/danh-muc/hang-trang-tri/tuong-trang-tri/index.html]
[nhaxinh.com/cua-hang/indexf330.html]
[nhaxinh.com/san-pham/binh-hoa-oceane-gom-nau-xam-vua-98693/index.html]
[nhaxinh.com/cua-hang/index218e.html]
[nhaxinh.com/san-pham/binh-hoa-pot-head-trang-l/index.html]
[nhaxinh.com/wp-json/wp/v2/product_cat/141.json]
[nhaxinh.com/san-pham/binh-hoa-rosa-thuy-tinh-cam-lon-11948/index.html]
[nhaxinh.com/cua-hang/index958c.html]
[nhaxinh.com/cua-hang/index6d64.html]
[nhaxinh.com/san-pham/binh-hoa-thuy-tinh-oceanne-vang-trong-suot-lon-95627/index.html]
[nhaxinh.com/cua-hang/index8751.html]
[nhaxinh.com/danh-muc/hang-trang-tri/goi-va-thu-bong/index.html]
[nhaxinh.com/san-pham/binh-hoa-totem-mau-gold/index.html]
[nhaxinh.com/cua-hang/index5b8a.html]
[nhaxinh.com/san-pham/binh-hoa-thuy-tinh-oceanne-vang-trong-suot-nho-95626/index.html]
[nhaxinh.com/cua-hang/indexef2e.html]
[nhaxinh.com/san-pham/binh-hoa-trang-tri-flowercrown/index.html]
[nhaxinh.com/cua-hang/index63d9.html]
[nhaxinh.com/san-pham/binh-hoa-trang-tri-head/index.html]
[nhaxinh.com/wp-json/wp/v2/product_cat/347.json]
[nhaxinh.com/san-pham/binh-hoa-tron-gom-trang-nho-17cm-94121/index.html]
[nhaxinh.com/cua-hang/indexc7fe.html]
[nhaxinh.com/cua-hang/indexd972.html]
[nhaxinh.com/san-pham/binh-hoa-tron-lon-28869j/index.html]
[nhaxinh.com/cua-hang/index27c1.html]
[nhaxinh.com/cua-hang/index5fdf.html]
[nhaxinh.com/danh-muc/hang-trang-tri/nen/index.html]
[nhaxinh.com/san-pham/binh-hoa-tron-nho-28868j/index.html]
[nhaxinh.com/cua-hang/index9169.html]
[nhaxinh.com/san-pham/binh-hoa-tron-thuy-tinh-hong-38cm-13970/index.html]
[nhaxinh.com/cua-hang/indexb0d2.html]
[nhaxinh.com/san-pham/binh-hoa-tula-mau-gold-lon-16772j/index.html]
[nhaxinh.com/san-pham/binh-hoa-tula-mau-gold-nho-16771j/index.html]
[nhaxinh.com/wp-json/wp/v2/product_cat/161.json]
[nhaxinh.com/san-pham/binh-hoa-xanh-la-co-van-lon-26656j/index.html]
[nhaxinh.com/cua-hang/index4522.html]
[nhaxinh.com/cua-hang/indexb249.html]
[nhaxinh.com/san-pham/binh-hoa-xanh-la-co-van-nho-26655j/index.html]
[nhaxinh.com/cua-hang/index7f3e.html]
[nhaxinh.com/cua-hang/index9c40.html]
[nhaxinh.com/danh-muc/hang-trang-tri/dung-cu-bep/index.html]
[nhaxinh.com/san-pham/binh-hood-granit-mau-do-16801b/index.html]
[nhaxinh.com/cua-hang/indexce61.html]
[nhaxinh.com/san-pham/binh-hood-granit-mau-xanh-16821b/index.html]
[nhaxinh.com/cua-hang/index9eec.html]
[nhaxinh.com/san-pham/binh-hood-granit-sand-16811b/index.html]
[nhaxinh.com/san-pham/binh-hurghada-mau-xanh-42622b/index.html]
[nhaxinh.com/wp-json/wp/v2/product_cat/172.json]
[nhaxinh.com/san-pham/binh-hurricane-cay-co-thuy-tinh-nau-lon-15cm-21804/index.html]
[nhaxinh.com/cua-hang/index3632.html]
[nhaxinh.com/cua-hang/indexabde.html]
[nhaxinh.com/san-pham/binh-hurricane-cay-co-thuy-tinh-nau-xl-24cm-21805/index.html]
[nhaxinh.com/cua-hang/indexf390.html]
[nhaxinh.com/san-pham/binh-hurricane-laura-thuy-tinh-lon-23346j/index.html]
[nhaxinh.com/danh-muc/hang-trang-tri/hang-trang-tri-khac/index.html]
[nhaxinh.com/cua-hang/index26df.html]
[nhaxinh.com/san-pham/binh-hurricane-laura-thuy-tinh-nho-23345j/index.html]
[nhaxinh.com/cua-hang/indexc87e.html]
[nhaxinh.com/san-pham/binh-hurricane-mat-cuoi-thuy-tinh-terracotta-lon-15cm-21801/index.html]
[nhaxinh.com/cua-hang/indexf1f2.html]
[nhaxinh.com/wp-json/wp/v2/product_cat/3582.json]
[nhaxinh.com/san-pham/binh-hurricane-thuy-tinh-dom-xanh-la-trang-lon-96630/index.html]
[nhaxinh.com/san-pham/binh-hurricane-thuy-tinh-dom-xanh-la-trang-nho-96629/index.html]
[nhaxinh.com/cua-hang/index7746.html]
[nhaxinh.com/cua-hang/indexc7f5.html]
[nhaxinh.com/danh-muc/hang-trang-tri/tinh-dau/index.html]
[nhaxinh.com/san-pham/binh-hurricane-vang-trang-lon-loai-2-26667j/index.html]
[nhaxinh.com/san-pham/binh-hurricane-vang-trang-nho-loai-2-26666j/index.html]
[nhaxinh.com/cua-hang/index8000.html]
[nhaxinh.com/cua-hang/page/4/index.html]
[nhaxinh.com/cua-hang/page/3/index.html]
[nhaxinh.com/cua-hang/page/18/index.html]
[nhaxinh.com/cua-hang/page/19/index.html]
[nhaxinh.com/wp-json/wp/v2/pages/611.json]
[nhaxinh.com/cua-hang/Opera Mini/index.html]
[nhaxinh.com/cua-hang/OPR/index.html]
[nhaxinh.com/cua-hang/page/20/index.html]
[nhaxinh.com/cua-hang/OPT/index.html]
[nhaxinh.com/cua-hang/CriOS/index.html]
[nhaxinh.com/cua-hang/Edge/index.html]
[nhaxinh.com/wp-json/oembed/1.0/embede6f0.json]
[nhaxinh.com/cua-hang/Firefox/index.html]
[nhaxinh.com/cua-hang/Silk/index.html]
[nhaxinh.com/cua-hang/Version/index.html]
[nhaxinh.com/cua-hang/Chrome/index.html]
[nhaxinh.com/wp-json/oembed/1.0/embed4143]
[nhaxinh.com/cua-hang/IEMobile/index.html]
[nhaxinh.com/wp-content/uploads/2023/07/BST-Coastal-3-3.jpg]
[nhaxinh.com/cua-hang/WebKit/index.html]
[nhaxinh.com/tai-khoan/edit-account/index.html]
[nhaxinh.com/danh-muc/phong-khach/sofa/feed/index.html]
[nhaxinh.com/danh-muc/phong-khach/index.html]
[nhaxinh.com/san-pham/sofa-1-cho-orientale-da-beige-r5/index.html]
[nhaxinh.com/phong-khach/index.html]
[nhaxinh.com/danh-muc/phong-khach/sofa/index3570.html]
[nhaxinh.com/san-pham/sofa-2-cho-ha-noi/index.html]
[nhaxinh.com/danh-muc/phong-khach/sofa/indexdb43.html]
[nhaxinh.com/danh-muc/phong-khach/sofa/index7c61.html]
[nhaxinh.com/danh-muc/phong-khach/sofa/indexa44b.html]
[nhaxinh.com/danh-muc/phong-khach/sofa/indexb6bf.html]
[nhaxinh.com/wp-json/wp/v2/pages/24421.json]
[nhaxinh.com/san-pham/sofa-bolero-3-cho-don-m3-vai-mb-40-15/index.html]
[nhaxinh.com/danh-muc/phong-khach/sofa/index9043.html]
[nhaxinh.com/san-pham/sofa-bolero-3-cho-don-m3-vai-xam-mb4010/index.html]
[nhaxinh.com/danh-muc/phong-khach/sofa/indexda79.html]
[nhaxinh.com/wp-json/oembed/1.0/embedea13.json]
[nhaxinh.com/san-pham/sofa-bolero-3-cho-don-m3-vai-xanh-mb408/index.html]
[nhaxinh.com/danh-muc/phong-khach/sofa/index14f9.html]
[nhaxinh.com/san-pham/sofa-bolero-3-cho-don-vai-xam/index.html]
[nhaxinh.com/san-pham/sofa-giuong-don-bolero-vact-3444/index.html]
[nhaxinh.com/wp-json/oembed/1.0/embed2d89]
[nhaxinh.com/san-pham/sofa-giuong-don-bolero-vact-7215/index.html]
[nhaxinh.com/wp-content/uploads/2022/01/ban-an-pio-1.jpg]
[nhaxinh.com/san-pham/ghe-giuong-don-bolero-vact-7668/index.html]
[nhaxinh.com/danh-muc/phong-khach/sofa/index018d.html]
[nhaxinh.com/danh-muc/phong-khach/sofa/indexf6bf.html]
[nhaxinh.com/san-pham/sofa-hung-king-3-cho-goi-vact3231/index.html]
[nhaxinh.com/phong-an/index.html]
[nhaxinh.com/danh-muc/phong-khach/sofa/index91a7.html]
[nhaxinh.com/danh-muc/phong-khach/sofa/indexfaaf.html]
[nhaxinh.com/san-pham/sofa-jadora-25-cho-kem-5-goi-vai-vact4029-vact4710/index.html]
[nhaxinh.com/danh-muc/phong-khach/sofa/index2f44.html]
[nhaxinh.com/san-pham/sofa-jadora-25-cho-kem-5-goi-vai-vact5640-3454/index.html]
[nhaxinh.com/san-pham/sofa-jadora-2-5-cho-5-goi-vai-vact91787815/index.html]
[nhaxinh.com/wp-json/wp/v2/pages/24302.json]
[nhaxinh.com/danh-muc/phong-khach/sofa/indexda2c.html]
[nhaxinh.com/san-pham/sofa-jadora-2-5-cho-vai-vact4029-vact4709/index.html]
[nhaxinh.com/danh-muc/phong-khach/sofa/indexa3cb.html]
[nhaxinh.com/san-pham/sofa-3-cho-vai-mau-nau-mb22-05-2/index.html]
[nhaxinh.com/wp-json/oembed/1.0/embed257f.json]
[nhaxinh.com/danh-muc/phong-khach/sofa/indexda1d.html]
[nhaxinh.com/san-pham/sofa-miami-3-cho-funny-02-beige/index.html]
[nhaxinh.com/san-pham/sofa-miami-2-cho-vai-vact5597/index.html]
[nhaxinh.com/danh-muc/phong-khach/sofa/index3047.html]
[nhaxinh.com/wp-json/oembed/1.0/embed9854]
[nhaxinh.com/san-pham/sofa-miami-2-cho-vai-xam/index.html]
[nhaxinh.com/wp-content/uploads/2021/11/noi-that-phong-ngu-nha-xinh.jpg]
[nhaxinh.com/san-pham/sofa-saka-p100-3-cho-boc-vai-vact10498/index.html]
[nhaxinh.com/danh-muc/phong-khach/sofa/index9245.html]
[nhaxinh.com/danh-muc/phong-khach/sofa/index0387.html]
[nhaxinh.com/san-pham/sofa-coastal-1-cho-vai-vact10135/index.html]
[nhaxinh.com/danh-muc/phong-khach/sofa/indexb641.html]
[nhaxinh.com/phong-ngu/index.html]
[nhaxinh.com/danh-muc/phong-khach/sofa/indexcb8e.html]
[nhaxinh.com/san-pham/armchair-coastal-vai-xanh/index.html]
[nhaxinh.com/san-pham/sofa-coastal-1-cho-vai-vact7502/index.html]
[nhaxinh.com/san-pham/sofa-coastal-2-cho-m2-vact10135/index.html]
[nhaxinh.com/danh-muc/phong-khach/sofa/index2861.html]
[nhaxinh.com/san-pham/sofa-coastal-2-cho-m2-vact7502/index.html]
[nhaxinh.com/danh-muc/phong-khach/sofa/indexe43a.html]
[nhaxinh.com/san-pham/sofa-coastal-2-cho-vai-vang/index.html]
[nhaxinh.com/wp-json/wp/v2/product_cat/32.json]
[nhaxinh.com/danh-muc/phong-khach/sofa/index9012.html]
[nhaxinh.com/san-pham/sofa-cabo-3-cho-vai-mb2041-17-pma170078/index.html]
[nhaxinh.com/danh-muc/phong-khach/sofa/index0f1f.html]
[nhaxinh.com/san-pham/sofa-cabo-3-cho-vai-mb2041-9-pma170078/index.html]
[nhaxinh.com/danh-muc/phong-khach/sofa/indexf356.html]
[nhaxinh.com/san-pham/sofa-miami-3-cho-1-armchair/index.html]
[nhaxinh.com/danh-muc/phong-lam-viec/index.html]
[nhaxinh.com/danh-muc/phong-khach/sofa/index472b.html]
[nhaxinh.com/san-pham/sofa-3-cho-osaka-mau-1-vai-65/index.html]
[nhaxinh.com/danh-muc/phong-khach/sofa/index7d44.html]
[nhaxinh.com/san-pham/sofa-3-cho-ona-her-da-semia-nau-s3/index.html]
[nhaxinh.com/danh-muc/phong-khach/sofa/indexe2d3.html]
[nhaxinh.com/wp-json/wp/v2/product_cat/81.json]
[nhaxinh.com/san-pham/sofa-ona-her-3-cho-da-xanh-s4/index.html]
[nhaxinh.com/danh-muc/phong-khach/sofa/index94e9.html]
[nhaxinh.com/san-pham/sofa-ona-him-1-cho-da-nau-s3/index.html]
[nhaxinh.com/danh-muc/phong-khach/sofa/indexac7f.html]
[nhaxinh.com/danh-muc/hang-trang-tri/index.html]
[nhaxinh.com/san-pham/sofa-ona-him-1-cho-da-xanh-s4/index.html]
[nhaxinh.com/san-pham/sofa-ona-him-3-cho-da-nau-s3/index.html]
[nhaxinh.com/san-pham/sofa-3-cho-ona-him-da-xanh-s4/index.html]
[nhaxinh.com/danh-muc/phong-khach/sofa/index69b1.html]
[nhaxinh.com/wp-json/wp/v2/product_cat/108.json]
[nhaxinh.com/san-pham/sofa-3-cho-penny-da-508mb/index.html]
[nhaxinh.com/danh-muc/phong-khach/sofa/indexe944.html]
[nhaxinh.com/danh-muc/ngoai-that/index.html]
[nhaxinh.com/danh-muc/phong-khach/sofa/indexd1a5.html]
[nhaxinh.com/san-pham/sofa-3-cho-penny-vai-xanh-mb-08/index.html]
[nhaxinh.com/danh-muc/phong-khach/sofa/indexb549.html]
[nhaxinh.com/san-pham/sofa-penny-3-cho-vai-mb2032-21/index.html]
[nhaxinh.com/san-pham/sofa-penny-3-cho-da-515mb/index.html]
[nhaxinh.com/wp-json/wp/v2/pages/24222.json]
[nhaxinh.com/danh-muc/phong-khach/sofa/index2211.html]
[nhaxinh.com/san-pham/sofa-3-cho-elegance-mau-den-da-brown-r5/index.html]
[nhaxinh.com/san-pham/sofa-penny-3-cho-da-veneza-506-mb/index.html]
[nhaxinh.com/danh-muc/phong-khach/sofa/index0fa5.html]
[nhaxinh.com/san-pham/sofa-3-cho-elegance-mau-nau-da-cognac/index.html]
[nhaxinh.com/wp-json/oembed/1.0/embed16b8.json]
[nhaxinh.com/san-pham/sofa-3-cho-elegance-mau-tu-nhien-da-cognac/index.html]
[nhaxinh.com/danh-muc/phong-khach/sofa/index88c2.html]
[nhaxinh.com/danh-muc/phong-khach/sofa/index4f07.html]
[nhaxinh.com/san-pham/sofa-3-cho-elegance-mau-tu-nhien-da-xanh/index.html]
[nhaxinh.com/wp-json/oembed/1.0/embed5c27]
[nhaxinh.com/san-pham/sofa-3-cho-elegance-mau-tu-nhien-vai-xanh/index.html]
[nhaxinh.com/san-pham/sofa-bridge-3-cho-hien-dai-da-beige/index.html]
[nhaxinh.com/wp-content/uploads/2021/10/elegance-bo-suu-tap-dep.jpg]
[nhaxinh.com/danh-muc/phong-khach/sofa/index4508.html]
[nhaxinh.com/san-pham/sofa-bridge-3-cho-hien-dai-da-cognac/index.html]
[nhaxinh.com/danh-muc/phong-khach/sofa/indexaa07.html]
[nhaxinh.com/san-pham/sofa-bridge-3-cho-hien-dai-da-den/index.html]
[nhaxinh.com/san-pham/sofa-jazz-2-5-cho-hien-dai-da-cognac/index.html]
[nhaxinh.com/danh-muc/phong-khach/sofa/index2481.html]
[nhaxinh.com/bo-suu-tap/index.html]
[nhaxinh.com/san-pham/sofa-jazz-3-cho-hien-dai-da-cognac/index.html]
[nhaxinh.com/danh-muc/phong-khach/sofa/index2fee.html]
[nhaxinh.com/san-pham/sofa-jazz-3-cho-hien-dai-da-nau/index.html]
[nhaxinh.com/san-pham/sofa-may-2-5-cho-hien-dai-da-fango/index.html]
[nhaxinh.com/san-pham/sofa-may-2-5-cho-hien-dai-da-mushroom/index.html]
[nhaxinh.com/wp-json/wp/v2/posts/24748.json]
[nhaxinh.com/danh-muc/phong-khach/sofa/index6157.html]
[nhaxinh.com/danh-muc/phong-khach/sofa/index575a.html]
[nhaxinh.com/san-pham/sofa-3-cho-maxine-m2-da-cognac-vai-vact6643/index.html]
[nhaxinh.com/san-pham/sofa-maxine-3-cho-m2-da-mushroom-vai-vact10831/index.html]
[nhaxinh.com/wp-json/oembed/1.0/embed38fd.json]
[nhaxinh.com/danh-muc/phong-khach/sofa/index48ff.html]
[nhaxinh.com/danh-muc/phong-khach/sofa/index97ea.html]
[nhaxinh.com/san-pham/sofa-maxine-m2-3c-da-mush-1141-vai-vact6078/index.html]
[nhaxinh.com/san-pham/sofa-maxine-3-cho-m2-da-mushroom-vai-vact6643/index.html]
[nhaxinh.com/wp-json/oembed/1.0/embed1cd4]
[nhaxinh.com/danh-muc/phong-khach/sofa/index4faa.html]
[nhaxinh.com/san-pham/sofa-maxine-m2-3c-da-mush-1141-vact8377/index.html]
[nhaxinh.com/wp-content/uploads/2023/05/nha-xinh-thiet-ke-noi-that-ecopark-16523.jpg]
[nhaxinh.com/danh-muc/phong-khach/sofa/index3c1d.html]
[nhaxinh.com/san-pham/sofa-combo-3-cho-da-bali-518/index.html]
[nhaxinh.com/danh-muc/phong-khach/sofa/index834e.html]
[nhaxinh.com/san-pham/sofa-combo-3-cho-da-bali-520/index.html]
[nhaxinh.com/thiet-ke-noi-that/index.html]
[nhaxinh.com/san-pham/sofa-combo-3-cho-vai-vang-mb-2041-13/index.html]
[nhaxinh.com/danh-muc/phong-khach/sofa/indexa86d.html]
[nhaxinh.com/san-pham/sofa-combo-3-cho-vai-xam-mb-40-3/index.html]
[nhaxinh.com/danh-muc/phong-khach/sofa/index2662.html]
[nhaxinh.com/san-pham/sofa-combo-3-cho-vai-xam-mb-40-4/index.html]
[nhaxinh.com/wp-json/wp/v2/pages/275.json]
[nhaxinh.com/danh-muc/phong-khach/sofa/index9bed.html]
[nhaxinh.com/san-pham/sofa-combo-3-cho-vai-xanh-mb2041-9/index.html]
[nhaxinh.com/san-pham/sofa-porto-3-cho-hien-dai-da/index.html]
[nhaxinh.com/danh-muc/phong-khach/sofa/index531c.html]
[nhaxinh.com/wp-json/oembed/1.0/embed7ee6.json]
[nhaxinh.com/san-pham/sofa-porto-da-3-cho-hien-dai-mau-vact10509/index.html]
[nhaxinh.com/danh-muc/phong-khach/sofa/indexfcb7.html]
[nhaxinh.com/san-pham/sofa-moon-2-cho-vai-mau-xanh-duong/index.html]
[nhaxinh.com/danh-muc/phong-khach/sofa/index91f4.html]
[nhaxinh.com/san-pham/sofa-moon-2-cho-boc-vai-hong/index.html]
[nhaxinh.com/danh-muc/phong-khach/sofa/indexe46f.html]
[nhaxinh.com/wp-json/oembed/1.0/embedbf56]
[nhaxinh.com/danh-muc/phong-khach/sofa/indexbcc5.html]
[nhaxinh.com/danh-muc/phong-khach/sofa/indexb799.html]
[nhaxinh.com/wp-content/uploads/2022/08/Ghe-an-cabo-vai-MB204117-2.jpg]
[nhaxinh.com/san-pham/sofa-poppy-2-5-cho-vai-cam/index.html]
[nhaxinh.com/danh-muc/phong-khach/sofa/index2bb4.html]
[nhaxinh.com/wp-content/uploads/2021/12/Sofa-Poppy-2.5-cho-vai-vang-5.jpg]
[nhaxinh.com/wp-content/uploads/2022/04/giuong-iris-dep-gia-tot-hoc-keo-1200x800.jpg]
[nhaxinh.com/danh-muc/phong-khach/sofa/index3c9d.html]
[nhaxinh.com/san-pham/sofa-roma-2-cho-va-1-armchair-vai-mb08/index.html]
[nhaxinh.com/showroom-ao/index.html]
[nhaxinh.com/danh-muc/phong-khach/sofa/index8c29.html]
[nhaxinh.com/danh-muc/phong-khach/sofa/index75f8.html]
[nhaxinh.com/san-pham/giuong-xep-ottoman-vai-vact10096/index.html]
[nhaxinh.com/danh-muc/phong-khach/sofa/indexf8f7.html]
[nhaxinh.com/san-pham/giuong-xep-ottoman-vai-vact7459/index.html]
[nhaxinh.com/wp-json/wp/v2/pages/27820.json]
[nhaxinh.com/danh-muc/phong-khach/sofa/index4eac.html]
[nhaxinh.com/san-pham/ottoman-giuong-don-vai-vact4692/index.html]
[nhaxinh.com/danh-muc/phong-khach/sofa/index989c.html]
[nhaxinh.com/san-pham/ottoman-giuong-don-vai-vact7842/index.html]
[nhaxinh.com/danh-muc/phong-khach/sofa/indexbcb3.html]
[nhaxinh.com/wp-json/oembed/1.0/embed9507.json]
[nhaxinh.com/san-pham/sofa-queens-3-cho-hien-dai-da-hazelnut/index.html]
[nhaxinh.com/san-pham/sofa-landa-3-cho-da-l3e-jasper/index.html]
[nhaxinh.com/danh-muc/phong-khach/sofa/index45fa.html]
[nhaxinh.com/danh-muc/phong-khach/sofa/index0666.html]
[nhaxinh.com/san-pham/sofa-rod-3-cho-da-l1u/index.html]
[nhaxinh.com/wp-json/oembed/1.0/embedc8c2]
[nhaxinh.com/san-pham/sofa-dien-norma-3-cho-da-acajou-l3k/index.html]
[nhaxinh.com/danh-muc/phong-khach/sofa/index5ba0.html]
[nhaxinh.com/danh-muc/phong-khach/sofa/indexe20d.html]
[nhaxinh.com/wp-content/uploads/2022/05/bo-suu-tap-osaka-moi-nha-xinh-6522-1346x800.jpg]
[nhaxinh.com/san-pham/sofa-dien-norma-3-cho-da-coffee-d470/index.html]
[nhaxinh.com/danh-muc/phong-khach/sofa/indexf87d.html]
[nhaxinh.com/wp-content/uploads/2022/05/armchair-dep-mau-hong-hien-dai-13522-305x400.jpg]
